
Allocating common symbols
Common symbol       size              file

bNewPLL             0x1               ..\obj\sysctl.o
ulPeriod            0x4               ..\obj\datalogger.o
SWRead              0x4               ..\obj\main.o
ulSysDiv            0x4               ..\obj\sysctl.o
ulOsc               0x4               ..\obj\sysctl.o
_USDELAY_BASE       0x4               ..\obj\delay.o
ulOscSelect         0x4               ..\obj\sysctl.o
_MSDELAY_BASE       0x4               ..\obj\delay.o

Discarded input sections

 .text          0x00000000        0x0 ..\obj\hibernate.o
 .data          0x00000000        0x0 ..\obj\hibernate.o
 .bss           0x00000000        0x4 ..\obj\hibernate.o
 .text.HibernateWriteComplete
                0x00000000       0x40 ..\obj\hibernate.o
 .text.HibernateEnableExpClk
                0x00000000       0x74 ..\obj\hibernate.o
 .text.HibernateDisable
                0x00000000       0x1c ..\obj\hibernate.o
 .text.HibernateClockSelect
                0x00000000       0x28 ..\obj\hibernate.o
 .text.HibernateClockConfig
                0x00000000       0x38 ..\obj\hibernate.o
 .text.HibernateRTCEnable
                0x00000000       0x1c ..\obj\hibernate.o
 .text.HibernateRTCDisable
                0x00000000       0x1c ..\obj\hibernate.o
 .text.HibernateBatCheckStart
                0x00000000       0x1c ..\obj\hibernate.o
 .text.HibernateBatCheckDone
                0x00000000       0x1c ..\obj\hibernate.o
 .text.HibernateWakeSet
                0x00000000       0x28 ..\obj\hibernate.o
 .text.HibernateWakeGet
                0x00000000       0x1c ..\obj\hibernate.o
 .text.HibernateLowBatSet
                0x00000000       0x2c ..\obj\hibernate.o
 .text.HibernateLowBatGet
                0x00000000       0x1c ..\obj\hibernate.o
 .text.HibernateRTCSet
                0x00000000       0x1c ..\obj\hibernate.o
 .text.HibernateRTCGet
                0x00000000       0x18 ..\obj\hibernate.o
 .text.HibernateRTCMatch0Set
                0x00000000       0x1c ..\obj\hibernate.o
 .text.HibernateRTCMatch0Get
                0x00000000       0x18 ..\obj\hibernate.o
 .text.HibernateRTCMatch1Set
                0x00000000       0x1c ..\obj\hibernate.o
 .text.HibernateRTCMatch1Get
                0x00000000       0x18 ..\obj\hibernate.o
 .text.HibernateRTCSSMatch0Set
                0x00000000       0x20 ..\obj\hibernate.o
 .text.HibernateRTCSSMatch0Get
                0x00000000       0x18 ..\obj\hibernate.o
 .text.HibernateRTCSSGet
                0x00000000       0x1c ..\obj\hibernate.o
 .text.HibernateRTCTrimSet
                0x00000000       0x1c ..\obj\hibernate.o
 .text.HibernateRTCTrimGet
                0x00000000       0x18 ..\obj\hibernate.o
 .text.HibernateDataSet
                0x00000000       0x44 ..\obj\hibernate.o
 .text.HibernateDataGet
                0x00000000       0x40 ..\obj\hibernate.o
 .text.HibernateRequest
                0x00000000       0x1c ..\obj\hibernate.o
 .text.HibernateIntEnable
                0x00000000       0x24 ..\obj\hibernate.o
 .text.HibernateIntDisable
                0x00000000       0x24 ..\obj\hibernate.o
 .text.HibernateIntRegister
                0x00000000       0x1c ..\obj\hibernate.o
 .text.HibernateIntUnregister
                0x00000000       0x14 ..\obj\hibernate.o
 .text.HibernateIntStatus
                0x00000000       0x38 ..\obj\hibernate.o
 .text.HibernateIntClear
                0x00000000       0x24 ..\obj\hibernate.o
 .text.HibernateIsActive
                0x00000000       0x24 ..\obj\hibernate.o
 .text.HibernateGPIORetentionEnable
                0x00000000       0x1c ..\obj\hibernate.o
 .text.HibernateGPIORetentionDisable
                0x00000000       0x1c ..\obj\hibernate.o
 .text.HibernateGPIORetentionGet
                0x00000000       0x24 ..\obj\hibernate.o
 .debug_info    0x00000000      0x4bc ..\obj\hibernate.o
 .debug_abbrev  0x00000000      0x12a ..\obj\hibernate.o
 .debug_aranges
                0x00000000      0x140 ..\obj\hibernate.o
 .debug_ranges  0x00000000      0x130 ..\obj\hibernate.o
 .debug_line    0x00000000      0x3a3 ..\obj\hibernate.o
 .debug_str     0x00000000      0x47d ..\obj\hibernate.o
 .comment       0x00000000       0x71 ..\obj\hibernate.o
 .debug_frame   0x00000000      0x4d8 ..\obj\hibernate.o
 .ARM.attributes
                0x00000000       0x33 ..\obj\hibernate.o
 .text          0x00000000        0x0 ..\obj\delay.o
 .data          0x00000000        0x0 ..\obj\delay.o
 .bss           0x00000000        0x0 ..\obj\delay.o
 .text.delayMS  0x00000000       0x24 ..\obj\delay.o
 .text.delayUS  0x00000000       0x24 ..\obj\delay.o
 .text          0x00000000        0x0 ..\obj\datalogger.o
 .data          0x00000000        0x0 ..\obj\datalogger.o
 .bss           0x00000000        0x0 ..\obj\datalogger.o
 .text.InitGPIOInt
                0x00000000       0x20 ..\obj\datalogger.o
 .text          0x00000000        0x0 ..\obj\i2c.o
 .data          0x00000000        0x0 ..\obj\i2c.o
 .bss           0x00000000        0x0 ..\obj\i2c.o
 .rodata        0x00000000       0x30 ..\obj\i2c.o
 .text.I2CIntNumberGet
                0x00000000       0x48 ..\obj\i2c.o
 .text.I2CMasterInitExpClk
                0x00000000       0x98 ..\obj\i2c.o
 .text.I2CSlaveInit
                0x00000000       0x20 ..\obj\i2c.o
 .text.I2CSlaveAddressSet
                0x00000000       0x40 ..\obj\i2c.o
 .text.I2CMasterEnable
                0x00000000       0x24 ..\obj\i2c.o
 .text.I2CSlaveEnable
                0x00000000       0x34 ..\obj\i2c.o
 .text.I2CMasterDisable
                0x00000000       0x24 ..\obj\i2c.o
 .text.I2CSlaveDisable
                0x00000000       0x34 ..\obj\i2c.o
 .text.I2CIntRegister
                0x00000000       0x28 ..\obj\i2c.o
 .text.I2CIntUnregister
                0x00000000       0x24 ..\obj\i2c.o
 .text.I2CMasterIntEnable
                0x00000000       0x1c ..\obj\i2c.o
 .text.I2CMasterIntEnableEx
                0x00000000       0x28 ..\obj\i2c.o
 .text.I2CSlaveIntEnable
                0x00000000       0x24 ..\obj\i2c.o
 .text.I2CSlaveIntEnableEx
                0x00000000       0x28 ..\obj\i2c.o
 .text.I2CMasterIntDisable
                0x00000000       0x1c ..\obj\i2c.o
 .text.I2CMasterIntDisableEx
                0x00000000       0x28 ..\obj\i2c.o
 .text.I2CSlaveIntDisable
                0x00000000       0x24 ..\obj\i2c.o
 .text.I2CSlaveIntDisableEx
                0x00000000       0x28 ..\obj\i2c.o
 .text.I2CMasterIntStatus
                0x00000000       0x40 ..\obj\i2c.o
 .text.I2CMasterIntStatusEx
                0x00000000       0x2c ..\obj\i2c.o
 .text.I2CSlaveIntStatus
                0x00000000       0x40 ..\obj\i2c.o
 .text.I2CSlaveIntStatusEx
                0x00000000       0x64 ..\obj\i2c.o
 .text.I2CMasterIntClear
                0x00000000       0x28 ..\obj\i2c.o
 .text.I2CMasterIntClearEx
                0x00000000       0x20 ..\obj\i2c.o
 .text.I2CSlaveIntClear
                0x00000000       0x1c ..\obj\i2c.o
 .text.I2CSlaveIntClearEx
                0x00000000       0x20 ..\obj\i2c.o
 .text.I2CMasterSlaveAddrSet
                0x00000000       0x28 ..\obj\i2c.o
 .text.I2CMasterLineStateGet
                0x00000000       0x1c ..\obj\i2c.o
 .text.I2CMasterBusy
                0x00000000       0x28 ..\obj\i2c.o
 .text.I2CMasterBusBusy
                0x00000000       0x28 ..\obj\i2c.o
 .text.I2CMasterControl
                0x00000000       0x20 ..\obj\i2c.o
 .text.I2CMasterErr
                0x00000000       0x40 ..\obj\i2c.o
 .text.I2CMasterDataPut
                0x00000000       0x20 ..\obj\i2c.o
 .text.I2CMasterDataGet
                0x00000000       0x1c ..\obj\i2c.o
 .text.I2CMasterTimeoutSet
                0x00000000       0x20 ..\obj\i2c.o
 .text.I2CSlaveACKOverride
                0x00000000       0x44 ..\obj\i2c.o
 .text.I2CSlaveACKValueSet
                0x00000000       0x44 ..\obj\i2c.o
 .text.I2CSlaveStatus
                0x00000000       0x1c ..\obj\i2c.o
 .text.I2CSlaveDataPut
                0x00000000       0x20 ..\obj\i2c.o
 .text.I2CSlaveDataGet
                0x00000000       0x1c ..\obj\i2c.o
 .debug_info    0x00000000      0x864 ..\obj\i2c.o
 .debug_abbrev  0x00000000      0x113 ..\obj\i2c.o
 .debug_aranges
                0x00000000      0x158 ..\obj\i2c.o
 .debug_ranges  0x00000000      0x148 ..\obj\i2c.o
 .debug_line    0x00000000      0x3f9 ..\obj\i2c.o
 .debug_str     0x00000000      0x46b ..\obj\i2c.o
 .comment       0x00000000       0x71 ..\obj\i2c.o
 .debug_frame   0x00000000      0x640 ..\obj\i2c.o
 .ARM.attributes
                0x00000000       0x33 ..\obj\i2c.o
 .text          0x00000000        0x0 ..\obj\flash.o
 .data          0x00000000        0x0 ..\obj\flash.o
 .bss           0x00000000        0x0 ..\obj\flash.o
 .rodata        0x00000000       0x20 ..\obj\flash.o
 .text.FlashUsecGet
                0x00000000       0x18 ..\obj\flash.o
 .text.FlashUsecSet
                0x00000000       0x20 ..\obj\flash.o
 .text.FlashErase
                0x00000000       0x60 ..\obj\flash.o
 .text.FlashProgram
                0x00000000      0x10c ..\obj\flash.o
 .text.FlashProtectGet
                0x00000000       0xc0 ..\obj\flash.o
 .text.FlashProtectSet
                0x00000000      0x194 ..\obj\flash.o
 .text.FlashProtectSave
                0x00000000       0x78 ..\obj\flash.o
 .text.FlashUserGet
                0x00000000       0x58 ..\obj\flash.o
 .text.FlashUserSet
                0x00000000       0x54 ..\obj\flash.o
 .text.FlashUserSave
                0x00000000       0x80 ..\obj\flash.o
 .text.FlashIntRegister
                0x00000000       0x1c ..\obj\flash.o
 .text.FlashIntUnregister
                0x00000000       0x14 ..\obj\flash.o
 .text.FlashIntEnable
                0x00000000       0x24 ..\obj\flash.o
 .text.FlashIntDisable
                0x00000000       0x24 ..\obj\flash.o
 .text.FlashIntStatus
                0x00000000       0x30 ..\obj\flash.o
 .text.FlashIntClear
                0x00000000       0x1c ..\obj\flash.o
 .debug_info    0x00000000      0x3af ..\obj\flash.o
 .debug_abbrev  0x00000000      0x177 ..\obj\flash.o
 .debug_aranges
                0x00000000       0x98 ..\obj\flash.o
 .debug_ranges  0x00000000       0x88 ..\obj\flash.o
 .debug_line    0x00000000      0x2f7 ..\obj\flash.o
 .debug_str     0x00000000      0x2e6 ..\obj\flash.o
 .comment       0x00000000       0x71 ..\obj\flash.o
 .debug_frame   0x00000000      0x270 ..\obj\flash.o
 .ARM.attributes
                0x00000000       0x33 ..\obj\flash.o
 .text          0x00000000        0x0 ..\obj\timer.o
 .data          0x00000000        0x0 ..\obj\timer.o
 .bss           0x00000000        0x0 ..\obj\timer.o
 .rodata        0x00000000       0x60 ..\obj\timer.o
 .text.TimerIntNumberGet
                0x00000000       0x48 ..\obj\timer.o
 .text.TimerDisable
                0x00000000       0x30 ..\obj\timer.o
 .text.TimerControlLevel
                0x00000000       0x48 ..\obj\timer.o
 .text.TimerControlTrigger
                0x00000000       0x48 ..\obj\timer.o
 .text.TimerControlEvent
                0x00000000       0x3c ..\obj\timer.o
 .text.TimerControlStall
                0x00000000       0x48 ..\obj\timer.o
 .text.TimerControlWaitOnTrigger
                0x00000000       0x84 ..\obj\timer.o
 .text.TimerRTCEnable
                0x00000000       0x24 ..\obj\timer.o
 .text.TimerRTCDisable
                0x00000000       0x24 ..\obj\timer.o
 .text.TimerPrescaleSet
                0x00000000       0x3c ..\obj\timer.o
 .text.TimerPrescaleGet
                0x00000000       0x2c ..\obj\timer.o
 .text.TimerPrescaleMatchSet
                0x00000000       0x3c ..\obj\timer.o
 .text.TimerPrescaleMatchGet
                0x00000000       0x2c ..\obj\timer.o
 .text.TimerLoadGet
                0x00000000       0x2c ..\obj\timer.o
 .text.TimerLoadSet64
                0x00000000       0x30 ..\obj\timer.o
 .text.TimerLoadGet64
                0x00000000       0x54 ..\obj\timer.o
 .text.TimerValueGet
                0x00000000       0x2c ..\obj\timer.o
 .text.TimerValueGet64
                0x00000000       0x54 ..\obj\timer.o
 .text.TimerMatchSet
                0x00000000       0x3c ..\obj\timer.o
 .text.TimerMatchGet
                0x00000000       0x2c ..\obj\timer.o
 .text.TimerMatchSet64
                0x00000000       0x30 ..\obj\timer.o
 .text.TimerMatchGet64
                0x00000000       0x54 ..\obj\timer.o
 .text.TimerIntRegister
                0x00000000       0x54 ..\obj\timer.o
 .text.TimerIntUnregister
                0x00000000       0x4c ..\obj\timer.o
 .text.TimerIntDisable
                0x00000000       0x28 ..\obj\timer.o
 .text.TimerIntStatus
                0x00000000       0x2c ..\obj\timer.o
 .text.TimerSynchronize
                0x00000000       0x20 ..\obj\timer.o
 .text.TimerQuiesce
                0x00000000       0xd8 ..\obj\timer.o
 .text          0x00000000        0x0 ..\obj\pwm.o
 .data          0x00000000        0x0 ..\obj\pwm.o
 .bss           0x00000000        0x0 ..\obj\pwm.o
 .text.PWMGenConfigure
                0x00000000       0x6c ..\obj\pwm.o
 .text.PWMGenPeriodSet
                0x00000000       0x44 ..\obj\pwm.o
 .text.PWMGenPeriodGet
                0x00000000       0x3c ..\obj\pwm.o
 .text.PWMGenEnable
                0x00000000       0x2c ..\obj\pwm.o
 .text.PWMGenDisable
                0x00000000       0x2c ..\obj\pwm.o
 .text.PWMPulseWidthSet
                0x00000000       0x64 ..\obj\pwm.o
 .text.PWMPulseWidthGet
                0x00000000       0x64 ..\obj\pwm.o
 .text.PWMDeadBandEnable
                0x00000000       0x50 ..\obj\pwm.o
 .text.PWMDeadBandDisable
                0x00000000       0x30 ..\obj\pwm.o
 .text.PWMSyncUpdate
                0x00000000       0x1c ..\obj\pwm.o
 .text.PWMSyncTimeBase
                0x00000000       0x20 ..\obj\pwm.o
 .text.PWMOutputState
                0x00000000       0x48 ..\obj\pwm.o
 .text.PWMOutputInvert
                0x00000000       0x48 ..\obj\pwm.o
 .text.PWMOutputFaultLevel
                0x00000000       0x48 ..\obj\pwm.o
 .text.PWMOutputFault
                0x00000000       0x48 ..\obj\pwm.o
 .text.PWMGenIntGet
                0x00000000       0xa0 ..\obj\pwm.o
 .text.PWMGenIntRegister
                0x00000000       0x2c ..\obj\pwm.o
 .text.PWMGenIntUnregister
                0x00000000       0x28 ..\obj\pwm.o
 .text.PWMFaultIntGet
                0x00000000       0x28 ..\obj\pwm.o
 .text.PWMFaultIntRegister
                0x00000000       0x28 ..\obj\pwm.o
 .text.PWMFaultIntUnregister
                0x00000000       0x24 ..\obj\pwm.o
 .text.PWMGenIntTrigEnable
                0x00000000       0x30 ..\obj\pwm.o
 .text.PWMGenIntTrigDisable
                0x00000000       0x34 ..\obj\pwm.o
 .text.PWMGenIntStatus
                0x00000000       0x38 ..\obj\pwm.o
 .text.PWMGenIntClear
                0x00000000       0x24 ..\obj\pwm.o
 .text.PWMIntEnable
                0x00000000       0x28 ..\obj\pwm.o
 .text.PWMIntDisable
                0x00000000       0x28 ..\obj\pwm.o
 .text.PWMFaultIntClear
                0x00000000       0x20 ..\obj\pwm.o
 .text.PWMIntStatus
                0x00000000       0x2c ..\obj\pwm.o
 .text.PWMFaultIntClearExt
                0x00000000       0x20 ..\obj\pwm.o
 .text.PWMGenFaultConfigure
                0x00000000       0x40 ..\obj\pwm.o
 .text.PWMGenFaultTriggerSet
                0x00000000       0x3c ..\obj\pwm.o
 .text.PWMGenFaultTriggerGet
                0x00000000       0x34 ..\obj\pwm.o
 .text.PWMGenFaultStatus
                0x00000000       0x48 ..\obj\pwm.o
 .text.PWMGenFaultClear
                0x00000000       0x50 ..\obj\pwm.o
 .debug_info    0x00000000      0x944 ..\obj\pwm.o
 .debug_abbrev  0x00000000      0x103 ..\obj\pwm.o
 .debug_aranges
                0x00000000      0x130 ..\obj\pwm.o
 .debug_ranges  0x00000000      0x120 ..\obj\pwm.o
 .debug_line    0x00000000      0x3b5 ..\obj\pwm.o
 .debug_str     0x00000000      0x45b ..\obj\pwm.o
 .comment       0x00000000       0x71 ..\obj\pwm.o
 .debug_frame   0x00000000      0x578 ..\obj\pwm.o
 .ARM.attributes
                0x00000000       0x33 ..\obj\pwm.o
 .text          0x00000000        0x0 ..\obj\uart.o
 .data          0x00000000        0x0 ..\obj\uart.o
 .bss           0x00000000        0x0 ..\obj\uart.o
 .rodata        0x00000000       0x40 ..\obj\uart.o
 .text.UARTIntNumberGet
                0x00000000       0x48 ..\obj\uart.o
 .text.UARTParityModeSet
                0x00000000       0x2c ..\obj\uart.o
 .text.UARTParityModeGet
                0x00000000       0x20 ..\obj\uart.o
 .text.UARTFIFOLevelSet
                0x00000000       0x24 ..\obj\uart.o
 .text.UARTFIFOLevelGet
                0x00000000       0x34 ..\obj\uart.o
 .text.UARTConfigSetExpClk
                0x00000000       0x94 ..\obj\uart.o
 .text.UARTConfigGetExpClk
                0x00000000       0x64 ..\obj\uart.o
 .text.UARTEnable
                0x00000000       0x3c ..\obj\uart.o
 .text.UARTDisable
                0x00000000       0x4c ..\obj\uart.o
 .text.UARTFIFOEnable
                0x00000000       0x24 ..\obj\uart.o
 .text.UARTFIFODisable
                0x00000000       0x24 ..\obj\uart.o
 .text.UARTEnableSIR
                0x00000000       0x44 ..\obj\uart.o
 .text.UARTDisableSIR
                0x00000000       0x24 ..\obj\uart.o
 .text.UARTSmartCardEnable
                0x00000000       0x48 ..\obj\uart.o
 .text.UARTSmartCardDisable
                0x00000000       0x24 ..\obj\uart.o
 .text.UARTModemControlSet
                0x00000000       0x34 ..\obj\uart.o
 .text.UARTModemControlClear
                0x00000000       0x34 ..\obj\uart.o
 .text.UARTModemControlGet
                0x00000000       0x20 ..\obj\uart.o
 .text.UARTModemStatusGet
                0x00000000       0x20 ..\obj\uart.o
 .text.UARTFlowControlSet
                0x00000000       0x2c ..\obj\uart.o
 .text.UARTFlowControlGet
                0x00000000       0x20 ..\obj\uart.o
 .text.UARTTxIntModeSet
                0x00000000       0x2c ..\obj\uart.o
 .text.UARTTxIntModeGet
                0x00000000       0x20 ..\obj\uart.o
 .text.UARTCharsAvail
                0x00000000       0x28 ..\obj\uart.o
 .text.UARTSpaceAvail
                0x00000000       0x28 ..\obj\uart.o
 .text.UARTCharGetNonBlocking
                0x00000000       0x2c ..\obj\uart.o
 .text.UARTCharGet
                0x00000000       0x28 ..\obj\uart.o
 .text.UARTCharPutNonBlocking
                0x00000000       0x34 ..\obj\uart.o
 .text.UARTCharPut
                0x00000000       0x2c ..\obj\uart.o
 .text.UARTBreakCtl
                0x00000000       0x3c ..\obj\uart.o
 .text.UARTBusy
                0x00000000       0x28 ..\obj\uart.o
 .text.UARTIntRegister
                0x00000000       0x28 ..\obj\uart.o
 .text.UARTIntUnregister
                0x00000000       0x24 ..\obj\uart.o
 .text.UARTIntEnable
                0x00000000       0x28 ..\obj\uart.o
 .text.UARTIntDisable
                0x00000000       0x28 ..\obj\uart.o
 .text.UARTIntStatus
                0x00000000       0x2c ..\obj\uart.o
 .text.UARTIntClear
                0x00000000       0x20 ..\obj\uart.o
 .text.UARTDMAEnable
                0x00000000       0x28 ..\obj\uart.o
 .text.UARTDMADisable
                0x00000000       0x28 ..\obj\uart.o
 .text.UARTRxErrorGet
                0x00000000       0x20 ..\obj\uart.o
 .text.UARTRxErrorClear
                0x00000000       0x1c ..\obj\uart.o
 .text.UARTClockSourceSet
                0x00000000       0x20 ..\obj\uart.o
 .text.UARTClockSourceGet
                0x00000000       0x1c ..\obj\uart.o
 .text.UART9BitEnable
                0x00000000       0x24 ..\obj\uart.o
 .text.UART9BitDisable
                0x00000000       0x24 ..\obj\uart.o
 .text.UART9BitAddrSet
                0x00000000       0x30 ..\obj\uart.o
 .text.UART9BitAddrSend
                0x00000000       0x60 ..\obj\uart.o
 .debug_info    0x00000000      0xa13 ..\obj\uart.o
 .debug_abbrev  0x00000000      0x12f ..\obj\uart.o
 .debug_aranges
                0x00000000      0x190 ..\obj\uart.o
 .debug_ranges  0x00000000      0x180 ..\obj\uart.o
 .debug_line    0x00000000      0x4b7 ..\obj\uart.o
 .debug_str     0x00000000      0x510 ..\obj\uart.o
 .comment       0x00000000       0x71 ..\obj\uart.o
 .debug_frame   0x00000000      0x75c ..\obj\uart.o
 .ARM.attributes
                0x00000000       0x33 ..\obj\uart.o
 .text          0x00000000        0x0 ..\obj\fpu.o
 .data          0x00000000        0x0 ..\obj\fpu.o
 .bss           0x00000000        0x0 ..\obj\fpu.o
 .text.FPUEnable
                0x00000000       0x1c ..\obj\fpu.o
 .text.FPUDisable
                0x00000000       0x1c ..\obj\fpu.o
 .text.FPUStackingEnable
                0x00000000       0x20 ..\obj\fpu.o
 .text.FPULazyStackingEnable
                0x00000000       0x1c ..\obj\fpu.o
 .text.FPUStackingDisable
                0x00000000       0x1c ..\obj\fpu.o
 .text.FPUHalfPrecisionModeSet
                0x00000000       0x28 ..\obj\fpu.o
 .text.FPUNaNModeSet
                0x00000000       0x28 ..\obj\fpu.o
 .text.FPUFlushToZeroModeSet
                0x00000000       0x28 ..\obj\fpu.o
 .text.FPURoundingModeSet
                0x00000000       0x28 ..\obj\fpu.o
 .debug_info    0x00000000      0x113 ..\obj\fpu.o
 .debug_abbrev  0x00000000       0x85 ..\obj\fpu.o
 .debug_aranges
                0x00000000       0x60 ..\obj\fpu.o
 .debug_ranges  0x00000000       0x50 ..\obj\fpu.o
 .debug_line    0x00000000      0x101 ..\obj\fpu.o
 .debug_str     0x00000000      0x17d ..\obj\fpu.o
 .comment       0x00000000       0x71 ..\obj\fpu.o
 .debug_frame   0x00000000      0x150 ..\obj\fpu.o
 .ARM.attributes
                0x00000000       0x33 ..\obj\fpu.o
 .text          0x00000000        0x0 ..\obj\epi.o
 .data          0x00000000        0x0 ..\obj\epi.o
 .bss           0x00000000        0x0 ..\obj\epi.o
 .text.EPIModeSet
                0x00000000       0x1c ..\obj\epi.o
 .text.EPIDividerSet
                0x00000000       0x20 ..\obj\epi.o
 .text.EPIConfigSDRAMSet
                0x00000000       0x38 ..\obj\epi.o
 .text.EPIConfigHB8Set
                0x00000000       0x6c ..\obj\epi.o
 .text.EPIConfigHB16Set
                0x00000000       0x6c ..\obj\epi.o
 .text.EPIConfigGPModeSet
                0x00000000       0x60 ..\obj\epi.o
 .text.EPIAddressMapSet
                0x00000000       0x20 ..\obj\epi.o
 .text.EPINonBlockingReadConfigure
                0x00000000       0x3c ..\obj\epi.o
 .text.EPINonBlockingReadStart
                0x00000000       0x2c ..\obj\epi.o
 .text.EPINonBlockingReadStop
                0x00000000       0x28 ..\obj\epi.o
 .text.EPINonBlockingReadCount
                0x00000000       0x28 ..\obj\epi.o
 .text.EPINonBlockingReadAvail
                0x00000000       0x1c ..\obj\epi.o
 .text.EPINonBlockingReadGet32
                0x00000000       0x4c ..\obj\epi.o
 .text.EPINonBlockingReadGet16
                0x00000000       0x4c ..\obj\epi.o
 .text.EPINonBlockingReadGet8
                0x00000000       0x4c ..\obj\epi.o
 .text.EPIFIFOConfig
                0x00000000       0x20 ..\obj\epi.o
 .text.EPIWriteFIFOCountGet
                0x00000000       0x1c ..\obj\epi.o
 .text.EPIIntEnable
                0x00000000       0x2c ..\obj\epi.o
 .text.EPIIntDisable
                0x00000000       0x2c ..\obj\epi.o
 .text.EPIIntStatus
                0x00000000       0x30 ..\obj\epi.o
 .text.EPIIntErrorStatus
                0x00000000       0x1c ..\obj\epi.o
 .text.EPIIntErrorClear
                0x00000000       0x20 ..\obj\epi.o
 .text.EPIIntRegister
                0x00000000       0x20 ..\obj\epi.o
 .text.EPIIntUnregister
                0x00000000       0x1c ..\obj\epi.o
 .debug_info    0x00000000      0x633 ..\obj\epi.o
 .debug_abbrev  0x00000000       0xe9 ..\obj\epi.o
 .debug_aranges
                0x00000000       0xd8 ..\obj\epi.o
 .debug_ranges  0x00000000       0xc8 ..\obj\epi.o
 .debug_line    0x00000000      0x32a ..\obj\epi.o
 .debug_str     0x00000000      0x375 ..\obj\epi.o
 .comment       0x00000000       0x71 ..\obj\epi.o
 .debug_frame   0x00000000      0x3c8 ..\obj\epi.o
 .ARM.attributes
                0x00000000       0x33 ..\obj\epi.o
 .text          0x00000000        0x0 ..\obj\main.o
 .data          0x00000000        0x0 ..\obj\main.o
 .bss           0x00000000        0x0 ..\obj\main.o
 COMMON         0x00000000        0x4 ..\obj\main.o
 .text          0x00000000        0x0 ..\obj\sysctl.o
 .data          0x00000000        0x0 ..\obj\sysctl.o
 .bss           0x00000000        0x0 ..\obj\sysctl.o
 .text.SysCtlPeripheralMapToNew
                0x00000000       0x48 ..\obj\sysctl.o
 .text.SysCtlSRAMSizeGet
                0x00000000       0x20 ..\obj\sysctl.o
 .text.SysCtlFlashSizeGet
                0x00000000       0x20 ..\obj\sysctl.o
 .text.SysCtlPinPresent
                0x00000000       0x2c ..\obj\sysctl.o
 .text.SysCtlPeripheralPresent
                0x00000000       0xa8 ..\obj\sysctl.o
 .text.SysCtlPeripheralReady
                0x00000000       0x50 ..\obj\sysctl.o
 .text.SysCtlPeripheralPowerOn
                0x00000000       0x50 ..\obj\sysctl.o
 .text.SysCtlPeripheralPowerOff
                0x00000000       0x50 ..\obj\sysctl.o
 .text.SysCtlPeripheralReset
                0x00000000      0x110 ..\obj\sysctl.o
 .text.SysCtlPeripheralDisable
                0x00000000       0x8c ..\obj\sysctl.o
 .text.SysCtlPeripheralSleepEnable
                0x00000000       0x88 ..\obj\sysctl.o
 .text.SysCtlPeripheralSleepDisable
                0x00000000       0x8c ..\obj\sysctl.o
 .text.SysCtlPeripheralDeepSleepEnable
                0x00000000       0x88 ..\obj\sysctl.o
 .text.SysCtlPeripheralDeepSleepDisable
                0x00000000       0x8c ..\obj\sysctl.o
 .text.SysCtlPeripheralClockGating
                0x00000000       0x38 ..\obj\sysctl.o
 .text.SysCtlIntRegister
                0x00000000       0x1c ..\obj\sysctl.o
 .text.SysCtlIntUnregister
                0x00000000       0x14 ..\obj\sysctl.o
 .text.SysCtlIntEnable
                0x00000000       0x24 ..\obj\sysctl.o
 .text.SysCtlIntDisable
                0x00000000       0x24 ..\obj\sysctl.o
 .text.SysCtlIntClear
                0x00000000       0x1c ..\obj\sysctl.o
 .text.SysCtlIntStatus
                0x00000000       0x30 ..\obj\sysctl.o
 .text.SysCtlLDOSet
                0x00000000       0x1c ..\obj\sysctl.o
 .text.SysCtlLDOGet
                0x00000000       0x18 ..\obj\sysctl.o
 .text.SysCtlLDOConfigSet
                0x00000000       0x1c ..\obj\sysctl.o
 .text.SysCtlReset
                0x00000000       0x14 ..\obj\sysctl.o
 .text.SysCtlSleep
                0x00000000        0xc ..\obj\sysctl.o
 .text.SysCtlDeepSleep
                0x00000000       0x28 ..\obj\sysctl.o
 .text.SysCtlResetCauseGet
                0x00000000       0x18 ..\obj\sysctl.o
 .text.SysCtlResetCauseClear
                0x00000000       0x24 ..\obj\sysctl.o
 .text.SysCtlBrownOutConfigSet
                0x00000000       0x24 ..\obj\sysctl.o
 .text.SysCtlMOSCConfigSet
                0x00000000       0x1c ..\obj\sysctl.o
 .text.SysCtlPIOSCCalibrate
                0x00000000       0x74 ..\obj\sysctl.o
 .text.SysCtlDeepSleepClockSet
                0x00000000       0x1c ..\obj\sysctl.o
 .text.SysCtlPWMClockSet
                0x00000000       0x28 ..\obj\sysctl.o
 .text.SysCtlPWMClockGet
                0x00000000       0x2c ..\obj\sysctl.o
 .text.SysCtlADCSpeedSet
                0x00000000       0x3c ..\obj\sysctl.o
 .text.SysCtlADCSpeedGet
                0x00000000       0x1c ..\obj\sysctl.o
 .text.SysCtlIOSCVerificationSet
                0x00000000       0x38 ..\obj\sysctl.o
 .text.SysCtlMOSCVerificationSet
                0x00000000       0x38 ..\obj\sysctl.o
 .text.SysCtlPLLVerificationSet
                0x00000000       0x38 ..\obj\sysctl.o
 .text.SysCtlClkVerificationClear
                0x00000000       0x1c ..\obj\sysctl.o
 .text.SysCtlGPIOAHBEnable
                0x00000000       0x24 ..\obj\sysctl.o
 .text.SysCtlGPIOAHBDisable
                0x00000000       0x28 ..\obj\sysctl.o
 .text.SysCtlUSBPLLEnable
                0x00000000       0x1c ..\obj\sysctl.o
 .text.SysCtlUSBPLLDisable
                0x00000000       0x1c ..\obj\sysctl.o
 .text.SysCtlI2SMClkSet
                0x00000000      0x168 ..\obj\sysctl.o
 COMMON         0x00000000       0x10 ..\obj\sysctl.o
 .text          0x00000000        0x0 ..\obj\usb.o
 .data          0x00000000        0x0 ..\obj\usb.o
 .bss           0x00000000        0x0 ..\obj\usb.o
 .text.USBIndexWrite
                0x00000000       0x58 ..\obj\usb.o
 .text.USBIndexRead
                0x00000000       0x58 ..\obj\usb.o
 .text.USBHostSuspend
                0x00000000       0x28 ..\obj\usb.o
 .text.USBHostReset
                0x00000000       0x4c ..\obj\usb.o
 .text.USBHostResume
                0x00000000       0x4c ..\obj\usb.o
 .text.USBHostSpeedGet
                0x00000000       0x40 ..\obj\usb.o
 .text.USBIntStatus
                0x00000000       0x9c ..\obj\usb.o
 .text.USBIntDisable
                0x00000000       0xc0 ..\obj\usb.o
 .text.USBIntEnable
                0x00000000       0xb4 ..\obj\usb.o
 .text.USBIntDisableControl
                0x00000000       0x64 ..\obj\usb.o
 .text.USBIntEnableControl
                0x00000000       0x60 ..\obj\usb.o
 .text.USBIntStatusControl
                0x00000000       0x78 ..\obj\usb.o
 .text.USBIntDisableEndpoint
                0x00000000       0x54 ..\obj\usb.o
 .text.USBIntEnableEndpoint
                0x00000000       0x4c ..\obj\usb.o
 .text.USBIntStatusEndpoint
                0x00000000       0x34 ..\obj\usb.o
 .text.USBIntRegister
                0x00000000       0x20 ..\obj\usb.o
 .text.USBIntUnregister
                0x00000000       0x1c ..\obj\usb.o
 .text.USBEndpointStatus
                0x00000000       0x40 ..\obj\usb.o
 .text.USBHostEndpointStatusClear
                0x00000000       0x90 ..\obj\usb.o
 .text.USBDevEndpointStatusClear
                0x00000000       0xe8 ..\obj\usb.o
 .text.USBHostEndpointDataToggle
                0x00000000       0xd8 ..\obj\usb.o
 .text.USBEndpointDataToggleClear
                0x00000000       0x68 ..\obj\usb.o
 .text.USBDevEndpointStall
                0x00000000       0x88 ..\obj\usb.o
 .text.USBDevEndpointStallClear
                0x00000000       0xcc ..\obj\usb.o
 .text.USBDevConnect
                0x00000000       0x28 ..\obj\usb.o
 .text.USBDevDisconnect
                0x00000000       0x28 ..\obj\usb.o
 .text.USBDevAddrSet
                0x00000000       0x1c ..\obj\usb.o
 .text.USBDevAddrGet
                0x00000000       0x1c ..\obj\usb.o
 .text.USBHostEndpointConfig
                0x00000000      0x1ac ..\obj\usb.o
 .text.USBDevEndpointConfigSet
                0x00000000      0x118 ..\obj\usb.o
 .text.USBDevEndpointConfigGet
                0x00000000      0x144 ..\obj\usb.o
 .text.USBFIFOConfigSet
                0x00000000       0x78 ..\obj\usb.o
 .text.USBFIFOConfigGet
                0x00000000       0x7c ..\obj\usb.o
 .text.USBEndpointDMAEnable
                0x00000000       0x68 ..\obj\usb.o
 .text.USBEndpointDMADisable
                0x00000000       0x68 ..\obj\usb.o
 .text.USBEndpointDataAvail
                0x00000000       0x50 ..\obj\usb.o
 .text.USBEndpointDataGet
                0x00000000       0x9c ..\obj\usb.o
 .text.USBDevEndpointDataAck
                0x00000000       0x58 ..\obj\usb.o
 .text.USBHostEndpointDataAck
                0x00000000       0x58 ..\obj\usb.o
 .text.USBEndpointDataPut
                0x00000000       0x70 ..\obj\usb.o
 .text.USBEndpointDataSend
                0x00000000       0x74 ..\obj\usb.o
 .text.USBFIFOFlush
                0x00000000       0xb8 ..\obj\usb.o
 .text.USBHostRequestIN
                0x00000000       0x34 ..\obj\usb.o
 .text.USBHostRequestINClear
                0x00000000       0x44 ..\obj\usb.o
 .text.USBHostRequestStatus
                0x00000000       0x1c ..\obj\usb.o
 .text.USBHostAddrSet
                0x00000000       0x44 ..\obj\usb.o
 .text.USBHostAddrGet
                0x00000000       0x40 ..\obj\usb.o
 .text.USBHostHubAddrSet
                0x00000000       0x6c ..\obj\usb.o
 .text.USBHostHubAddrGet
                0x00000000       0x40 ..\obj\usb.o
 .text.USBHostPwrConfig
                0x00000000       0x48 ..\obj\usb.o
 .text.USBHostPwrFaultEnable
                0x00000000       0x2c ..\obj\usb.o
 .text.USBHostPwrFaultDisable
                0x00000000       0x2c ..\obj\usb.o
 .text.USBHostPwrEnable
                0x00000000       0x2c ..\obj\usb.o
 .text.USBHostPwrDisable
                0x00000000       0x2c ..\obj\usb.o
 .text.USBFrameNumberGet
                0x00000000       0x1c ..\obj\usb.o
 .text.USBOTGSessionRequest
                0x00000000       0x4c ..\obj\usb.o
 .text.USBFIFOAddrGet
                0x00000000       0x20 ..\obj\usb.o
 .text.USBModeGet
                0x00000000       0x20 ..\obj\usb.o
 .text.USBEndpointDMAChannel
                0x00000000       0x50 ..\obj\usb.o
 .text.USBHostMode
                0x00000000       0x1c ..\obj\usb.o
 .text.USBDevMode
                0x00000000       0x1c ..\obj\usb.o
 .text.USBOTGMode
                0x00000000       0x1c ..\obj\usb.o
 .text.USBPHYPowerOff
                0x00000000       0x28 ..\obj\usb.o
 .text.USBPHYPowerOn
                0x00000000       0x28 ..\obj\usb.o
 .text.USBNumEndpointsGet
                0x00000000       0xa4 ..\obj\usb.o
 .debug_info    0x00000000     0x1061 ..\obj\usb.o
 .debug_abbrev  0x00000000      0x12c ..\obj\usb.o
 .debug_aranges
                0x00000000      0x220 ..\obj\usb.o
 .debug_ranges  0x00000000      0x210 ..\obj\usb.o
 .debug_line    0x00000000      0x761 ..\obj\usb.o
 .debug_str     0x00000000      0x70b ..\obj\usb.o
 .comment       0x00000000       0x71 ..\obj\usb.o
 .debug_frame   0x00000000      0xa2c ..\obj\usb.o
 .ARM.attributes
                0x00000000       0x33 ..\obj\usb.o
 .text          0x00000000        0x0 ..\obj\peci.o
 .data          0x00000000        0x0 ..\obj\peci.o
 .bss           0x00000000        0x0 ..\obj\peci.o
 .text.PECIConfigSet
                0x00000000       0xd4 ..\obj\peci.o
 .text.PECIConfigGet
                0x00000000       0x64 ..\obj\peci.o
 .text.PECIBypassEnable
                0x00000000       0x20 ..\obj\peci.o
 .text.PECIBypassDisable
                0x00000000       0x20 ..\obj\peci.o
 .text.PECIDomainConfigSet
                0x00000000       0x30 ..\obj\peci.o
 .text.PECIDomainConfigGet
                0x00000000       0x40 ..\obj\peci.o
 .text.PECIDomainEnable
                0x00000000       0x28 ..\obj\peci.o
 .text.PECIDomainDisable
                0x00000000       0x28 ..\obj\peci.o
 .text.PECIDomainValueGet
                0x00000000       0x24 ..\obj\peci.o
 .text.PECIDomainMaxReadGet
                0x00000000       0x24 ..\obj\peci.o
 .text.PECIDomainValueClear
                0x00000000       0x34 ..\obj\peci.o
 .text.PECIDomainMaxReadClear
                0x00000000       0x30 ..\obj\peci.o
 .text.PECIIntRegister
                0x00000000       0x20 ..\obj\peci.o
 .text.PECIIntUnregister
                0x00000000       0x1c ..\obj\peci.o
 .text.PECIIntEnable
                0x00000000       0x48 ..\obj\peci.o
 .text.PECIIntDisable
                0x00000000       0x28 ..\obj\peci.o
 .text.PECIIntStatus
                0x00000000       0x2c ..\obj\peci.o
 .text.PECIIntClear
                0x00000000       0x20 ..\obj\peci.o
 .text.PECIAdvCmdSend
                0x00000000       0x84 ..\obj\peci.o
 .text.PECIAdvCmdSendNonBlocking
                0x00000000       0x5c ..\obj\peci.o
 .text.PECIAdvCmdStatusGet
                0x00000000       0x50 ..\obj\peci.o
 .debug_info    0x00000000      0x671 ..\obj\peci.o
 .debug_abbrev  0x00000000      0x116 ..\obj\peci.o
 .debug_aranges
                0x00000000       0xc0 ..\obj\peci.o
 .debug_ranges  0x00000000       0xb0 ..\obj\peci.o
 .debug_line    0x00000000      0x2cd ..\obj\peci.o
 .debug_str     0x00000000      0x35a ..\obj\peci.o
 .comment       0x00000000       0x71 ..\obj\peci.o
 .debug_frame   0x00000000      0x350 ..\obj\peci.o
 .ARM.attributes
                0x00000000       0x33 ..\obj\peci.o
 .text          0x00000000        0x0 ..\obj\can.o
 .data          0x00000000        0x0 ..\obj\can.o
 .bss           0x00000000        0x0 ..\obj\can.o
 .rodata        0x00000000       0x20 ..\obj\can.o
 .text.CANIntNumberGet
                0x00000000       0x50 ..\obj\can.o
 .text.CANRegRead
                0x00000000       0x70 ..\obj\can.o
 .text.CANRegWrite
                0x00000000       0x2c ..\obj\can.o
 .text.CANDataRegWrite
                0x00000000       0x5c ..\obj\can.o
 .text.CANDataRegRead
                0x00000000       0x58 ..\obj\can.o
 .text.CANInit  0x00000000       0xd0 ..\obj\can.o
 .text.CANEnable
                0x00000000       0x24 ..\obj\can.o
 .text.CANDisable
                0x00000000       0x24 ..\obj\can.o
 .text.CANBitTimingGet
                0x00000000       0x68 ..\obj\can.o
 .text.CANBitRateSet
                0x00000000       0xe4 ..\obj\can.o
 .text.CANBitTimingSet
                0x00000000       0xb0 ..\obj\can.o
 .text.CANIntRegister
                0x00000000       0x28 ..\obj\can.o
 .text.CANIntUnregister
                0x00000000       0x24 ..\obj\can.o
 .text.CANIntEnable
                0x00000000       0x24 ..\obj\can.o
 .text.CANIntDisable
                0x00000000       0x28 ..\obj\can.o
 .text.CANIntStatus
                0x00000000       0x60 ..\obj\can.o
 .text.CANIntClear
                0x00000000       0x70 ..\obj\can.o
 .text.CANRetrySet
                0x00000000       0x3c ..\obj\can.o
 .text.CANRetryGet
                0x00000000       0x28 ..\obj\can.o
 .text.CANStatusGet
                0x00000000       0xc8 ..\obj\can.o
 .text.CANErrCntrGet
                0x00000000       0x44 ..\obj\can.o
 .text.CANMessageSet
                0x00000000      0x2ac ..\obj\can.o
 .text.CANMessageGet
                0x00000000      0x280 ..\obj\can.o
 .text.CANMessageClear
                0x00000000       0x60 ..\obj\can.o
 .debug_info    0x00000000      0x912 ..\obj\can.o
 .debug_abbrev  0x00000000      0x17c ..\obj\can.o
 .debug_aranges
                0x00000000       0xd8 ..\obj\can.o
 .debug_ranges  0x00000000       0xc8 ..\obj\can.o
 .debug_line    0x00000000      0x458 ..\obj\can.o
 .debug_str     0x00000000      0x5b8 ..\obj\can.o
 .comment       0x00000000       0x71 ..\obj\can.o
 .debug_frame   0x00000000      0x384 ..\obj\can.o
 .ARM.attributes
                0x00000000       0x33 ..\obj\can.o
 .text          0x00000000        0x0 ..\obj\lpc.o
 .data          0x00000000        0x0 ..\obj\lpc.o
 .bss           0x00000000        0x0 ..\obj\lpc.o
 .text.LPCConfigSet
                0x00000000       0x34 ..\obj\lpc.o
 .text.LPCConfigGet
                0x00000000       0x1c ..\obj\lpc.o
 .text.LPCStatusBlockAddressSet
                0x00000000       0x30 ..\obj\lpc.o
 .text.LPCStatusBlockAddressGet
                0x00000000       0x1c ..\obj\lpc.o
 .text.LPCStatusGet
                0x00000000       0x4c ..\obj\lpc.o
 .text.LPCSCIAssert
                0x00000000       0x48 ..\obj\lpc.o
 .text.LPCIRQConfig
                0x00000000       0x74 ..\obj\lpc.o
 .text.LPCIRQSet
                0x00000000       0x34 ..\obj\lpc.o
 .text.LPCIRQClear
                0x00000000       0x34 ..\obj\lpc.o
 .text.LPCIRQGet
                0x00000000       0x1c ..\obj\lpc.o
 .text.LPCIRQSend
                0x00000000       0x24 ..\obj\lpc.o
 .text.LPCIntRegister
                0x00000000       0x20 ..\obj\lpc.o
 .text.LPCIntUnregister
                0x00000000       0x1c ..\obj\lpc.o
 .text.LPCIntEnable
                0x00000000       0x2c ..\obj\lpc.o
 .text.LPCIntDisable
                0x00000000       0x2c ..\obj\lpc.o
 .text.LPCIntStatus
                0x00000000       0x30 ..\obj\lpc.o
 .text.LPCIntClear
                0x00000000       0x20 ..\obj\lpc.o
 .text.LPCChannelEnable
                0x00000000       0x28 ..\obj\lpc.o
 .text.LPCChannelDisable
                0x00000000       0x28 ..\obj\lpc.o
 .text.LPCChannelConfigEPSet
                0x00000000       0x4c ..\obj\lpc.o
 .text.LPCChannelConfigMBSet
                0x00000000       0x54 ..\obj\lpc.o
 .text.LPCChannelConfigCOMxSet
                0x00000000       0x78 ..\obj\lpc.o
 .text.LPCChannelConfigGet
                0x00000000       0x70 ..\obj\lpc.o
 .text.LPCChannelPoolAddressGet
                0x00000000       0x40 ..\obj\lpc.o
 .text.LPCChannelStatusGet
                0x00000000       0x24 ..\obj\lpc.o
 .text.LPCChannelStatusSet
                0x00000000       0x3c ..\obj\lpc.o
 .text.LPCChannelStatusClear
                0x00000000       0x40 ..\obj\lpc.o
 .text.LPCChannelDMAConfigSet
                0x00000000       0x44 ..\obj\lpc.o
 .text.LPCChannelDMAConfigGet
                0x00000000       0x20 ..\obj\lpc.o
 .text.LPCByteRead
                0x00000000       0x24 ..\obj\lpc.o
 .text.LPCByteWrite
                0x00000000       0x28 ..\obj\lpc.o
 .text.LPCHalfWordRead
                0x00000000       0x24 ..\obj\lpc.o
 .text.LPCHalfWordWrite
                0x00000000       0x28 ..\obj\lpc.o
 .text.LPCWordRead
                0x00000000       0x24 ..\obj\lpc.o
 .text.LPCWordWrite
                0x00000000       0x28 ..\obj\lpc.o
 .text.LPCCOMxIntEnable
                0x00000000       0x2c ..\obj\lpc.o
 .text.LPCCOMxIntDisable
                0x00000000       0x2c ..\obj\lpc.o
 .text.LPCCOMxIntStatus
                0x00000000       0x38 ..\obj\lpc.o
 .text.LPCCOMxIntClear
                0x00000000       0x2c ..\obj\lpc.o
 .debug_info    0x00000000      0xa1d ..\obj\lpc.o
 .debug_abbrev  0x00000000      0x114 ..\obj\lpc.o
 .debug_aranges
                0x00000000      0x150 ..\obj\lpc.o
 .debug_ranges  0x00000000      0x140 ..\obj\lpc.o
 .debug_line    0x00000000      0x3ff ..\obj\lpc.o
 .debug_str     0x00000000      0x46f ..\obj\lpc.o
 .comment       0x00000000       0x71 ..\obj\lpc.o
 .debug_frame   0x00000000      0x620 ..\obj\lpc.o
 .ARM.attributes
                0x00000000       0x33 ..\obj\lpc.o
 .text          0x00000000        0x0 ..\obj\watchdog.o
 .data          0x00000000        0x0 ..\obj\watchdog.o
 .bss           0x00000000        0x0 ..\obj\watchdog.o
 .text.WatchdogRunning
                0x00000000       0x24 ..\obj\watchdog.o
 .text.WatchdogEnable
                0x00000000       0x24 ..\obj\watchdog.o
 .text.WatchdogResetEnable
                0x00000000       0x24 ..\obj\watchdog.o
 .text.WatchdogResetDisable
                0x00000000       0x24 ..\obj\watchdog.o
 .text.WatchdogLock
                0x00000000       0x20 ..\obj\watchdog.o
 .text.WatchdogUnlock
                0x00000000       0x24 ..\obj\watchdog.o
 .text.WatchdogLockState
                0x00000000       0x28 ..\obj\watchdog.o
 .text.WatchdogReloadSet
                0x00000000       0x1c ..\obj\watchdog.o
 .text.WatchdogReloadGet
                0x00000000       0x18 ..\obj\watchdog.o
 .text.WatchdogValueGet
                0x00000000       0x1c ..\obj\watchdog.o
 .text.WatchdogIntRegister
                0x00000000       0x20 ..\obj\watchdog.o
 .text.WatchdogIntUnregister
                0x00000000       0x1c ..\obj\watchdog.o
 .text.WatchdogIntEnable
                0x00000000       0x24 ..\obj\watchdog.o
 .text.WatchdogIntStatus
                0x00000000       0x2c ..\obj\watchdog.o
 .text.WatchdogIntClear
                0x00000000       0x1c ..\obj\watchdog.o
 .text.WatchdogIntTypeSet
                0x00000000       0x2c ..\obj\watchdog.o
 .text.WatchdogStallEnable
                0x00000000       0x28 ..\obj\watchdog.o
 .text.WatchdogStallDisable
                0x00000000       0x28 ..\obj\watchdog.o
 .debug_info    0x00000000      0x32c ..\obj\watchdog.o
 .debug_abbrev  0x00000000       0xf6 ..\obj\watchdog.o
 .debug_aranges
                0x00000000       0xa8 ..\obj\watchdog.o
 .debug_ranges  0x00000000       0x98 ..\obj\watchdog.o
 .debug_line    0x00000000      0x20b ..\obj\watchdog.o
 .debug_str     0x00000000      0x256 ..\obj\watchdog.o
 .comment       0x00000000       0x71 ..\obj\watchdog.o
 .debug_frame   0x00000000      0x2d8 ..\obj\watchdog.o
 .ARM.attributes
                0x00000000       0x33 ..\obj\watchdog.o
 .text          0x00000000        0x0 ..\obj\gpio.o
 .data          0x00000000        0x0 ..\obj\gpio.o
 .bss           0x00000000        0x0 ..\obj\gpio.o
 .rodata        0x00000000       0x78 ..\obj\gpio.o
 .text.GPIOGetIntNumber
                0x00000000      0x1a0 ..\obj\gpio.o
 .text.GPIODirModeGet
                0x00000000       0x5c ..\obj\gpio.o
 .text.GPIOIntTypeSet
                0x00000000       0xa8 ..\obj\gpio.o
 .text.GPIOIntTypeGet
                0x00000000       0x78 ..\obj\gpio.o
 .text.GPIOPadConfigGet
                0x00000000      0x114 ..\obj\gpio.o
 .text.GPIOPinIntEnable
                0x00000000       0x2c ..\obj\gpio.o
 .text.GPIOPinIntDisable
                0x00000000       0x30 ..\obj\gpio.o
 .text.GPIOPinIntStatus
                0x00000000       0x30 ..\obj\gpio.o
 .text.GPIOPinIntClear
                0x00000000       0x24 ..\obj\gpio.o
 .text.GPIOPortIntRegister
                0x00000000       0x28 ..\obj\gpio.o
 .text.GPIOPortIntUnregister
                0x00000000       0x24 ..\obj\gpio.o
 .text.GPIOPinTypeADC
                0x00000000       0x2c ..\obj\gpio.o
 .text.GPIOPinTypeCAN
                0x00000000       0x2c ..\obj\gpio.o
 .text.GPIOPinTypeComparator
                0x00000000       0x2c ..\obj\gpio.o
 .text.GPIOPinTypeEPI
                0x00000000       0x2c ..\obj\gpio.o
 .text.GPIOPinTypeEthernetLED
                0x00000000       0x2c ..\obj\gpio.o
 .text.GPIOPinTypeEthernetMII
                0x00000000       0x2c ..\obj\gpio.o
 .text.GPIOPinTypeFan
                0x00000000       0x2c ..\obj\gpio.o
 .text.GPIOPinTypeGPIOOutputOD
                0x00000000       0x2c ..\obj\gpio.o
 .text.GPIOPinTypeI2C
                0x00000000       0x2c ..\obj\gpio.o
 .text.GPIOPinTypeI2CSCL
                0x00000000       0xa8 ..\obj\gpio.o
 .text.GPIOPinTypeI2S
                0x00000000       0x2c ..\obj\gpio.o
 .text.GPIOPinTypeLPC
                0x00000000       0x2c ..\obj\gpio.o
 .text.GPIOPinTypePECIRx
                0x00000000       0x2c ..\obj\gpio.o
 .text.GPIOPinTypePECITx
                0x00000000       0x2c ..\obj\gpio.o
 .text.GPIOPinTypePWM
                0x00000000       0x2c ..\obj\gpio.o
 .text.GPIOPinTypeQEI
                0x00000000       0x2c ..\obj\gpio.o
 .text.GPIOPinTypeSSI
                0x00000000       0x2c ..\obj\gpio.o
 .text.GPIOPinTypeTimer
                0x00000000       0x2c ..\obj\gpio.o
 .text.GPIOPinTypeUART
                0x00000000       0x2c ..\obj\gpio.o
 .text.GPIOPinTypeUSBAnalog
                0x00000000       0x2c ..\obj\gpio.o
 .text.GPIOPinTypeUSBDigital
                0x00000000       0x2c ..\obj\gpio.o
 .text.GPIOPinConfigure
                0x00000000       0x84 ..\obj\gpio.o
 .text.GPIODMATriggerEnable
                0x00000000       0x2c ..\obj\gpio.o
 .text.GPIODMATriggerDisable
                0x00000000       0x30 ..\obj\gpio.o
 .text.GPIOADCTriggerEnable
                0x00000000       0x2c ..\obj\gpio.o
 .text.GPIOADCTriggerDisable
                0x00000000       0x30 ..\obj\gpio.o
 .text          0x00000000        0x0 ..\obj\comp.o
 .data          0x00000000        0x0 ..\obj\comp.o
 .bss           0x00000000        0x0 ..\obj\comp.o
 .text.ComparatorConfigure
                0x00000000       0x28 ..\obj\comp.o
 .text.ComparatorRefSet
                0x00000000       0x20 ..\obj\comp.o
 .text.ComparatorValueGet
                0x00000000       0x30 ..\obj\comp.o
 .text.ComparatorIntRegister
                0x00000000       0x40 ..\obj\comp.o
 .text.ComparatorIntUnregister
                0x00000000       0x40 ..\obj\comp.o
 .text.ComparatorIntEnable
                0x00000000       0x2c ..\obj\comp.o
 .text.ComparatorIntDisable
                0x00000000       0x30 ..\obj\comp.o
 .text.ComparatorIntStatus
                0x00000000       0x54 ..\obj\comp.o
 .text.ComparatorIntClear
                0x00000000       0x20 ..\obj\comp.o
 .debug_info    0x00000000      0x242 ..\obj\comp.o
 .debug_abbrev  0x00000000      0x110 ..\obj\comp.o
 .debug_aranges
                0x00000000       0x60 ..\obj\comp.o
 .debug_ranges  0x00000000       0x50 ..\obj\comp.o
 .debug_line    0x00000000      0x155 ..\obj\comp.o
 .debug_str     0x00000000      0x1c7 ..\obj\comp.o
 .comment       0x00000000       0x71 ..\obj\comp.o
 .debug_frame   0x00000000      0x170 ..\obj\comp.o
 .ARM.attributes
                0x00000000       0x33 ..\obj\comp.o
 .text          0x00000000        0x0 ..\obj\interrupt.o
 .data          0x00000000        0x0 ..\obj\interrupt.o
 .bss           0x00000000        0x0 ..\obj\interrupt.o
 .text.IntDefaultHandler
                0x00000000        0x8 ..\obj\interrupt.o
 vtable         0x00000000      0x400 ..\obj\interrupt.o
 .text.IntMasterDisable
                0x00000000       0x10 ..\obj\interrupt.o
 .text.IntRegister
                0x00000000       0x64 ..\obj\interrupt.o
 .text.IntUnregister
                0x00000000       0x24 ..\obj\interrupt.o
 .text.IntPriorityGroupingSet
                0x00000000       0x30 ..\obj\interrupt.o
 .text.IntPriorityGroupingGet
                0x00000000       0x48 ..\obj\interrupt.o
 .text.IntPrioritySet
                0x00000000       0x64 ..\obj\interrupt.o
 .text.IntPriorityGet
                0x00000000       0x30 ..\obj\interrupt.o
 .text.IntDisable
                0x00000000       0x94 ..\obj\interrupt.o
 .text.IntIsEnabled
                0x00000000       0x94 ..\obj\interrupt.o
 .text.IntPendSet
                0x00000000       0x7c ..\obj\interrupt.o
 .text.IntPendClear
                0x00000000       0x68 ..\obj\interrupt.o
 .text.IntPriorityMaskSet
                0x00000000       0x14 ..\obj\interrupt.o
 .text.IntPriorityMaskGet
                0x00000000       0x10 ..\obj\interrupt.o
 .text          0x00000000        0x0 ..\obj\ethernet.o
 .data          0x00000000        0x0 ..\obj\ethernet.o
 .bss           0x00000000        0x0 ..\obj\ethernet.o
 .text.EthernetInitExpClk
                0x00000000       0x30 ..\obj\ethernet.o
 .text.EthernetConfigSet
                0x00000000       0x84 ..\obj\ethernet.o
 .text.EthernetConfigGet
                0x00000000       0x44 ..\obj\ethernet.o
 .text.EthernetMACAddrSet
                0x00000000       0x6c ..\obj\ethernet.o
 .text.EthernetMACAddrGet
                0x00000000       0x64 ..\obj\ethernet.o
 .text.EthernetEnable
                0x00000000       0x5c ..\obj\ethernet.o
 .text.EthernetDisable
                0x00000000       0x5c ..\obj\ethernet.o
 .text.EthernetPacketAvail
                0x00000000       0x28 ..\obj\ethernet.o
 .text.EthernetSpaceAvail
                0x00000000       0x28 ..\obj\ethernet.o
 .text.EthernetPacketGetInternal
                0x00000000      0x168 ..\obj\ethernet.o
 .text.EthernetPacketGetNonBlocking
                0x00000000       0x34 ..\obj\ethernet.o
 .text.EthernetPacketGet
                0x00000000       0x30 ..\obj\ethernet.o
 .text.EthernetPacketPutInternal
                0x00000000      0x15c ..\obj\ethernet.o
 .text.EthernetPacketPutNonBlocking
                0x00000000       0x34 ..\obj\ethernet.o
 .text.EthernetPacketPut
                0x00000000       0x30 ..\obj\ethernet.o
 .text.EthernetIntRegister
                0x00000000       0x20 ..\obj\ethernet.o
 .text.EthernetIntUnregister
                0x00000000       0x1c ..\obj\ethernet.o
 .text.EthernetIntEnable
                0x00000000       0x28 ..\obj\ethernet.o
 .text.EthernetIntDisable
                0x00000000       0x28 ..\obj\ethernet.o
 .text.EthernetIntStatus
                0x00000000       0x34 ..\obj\ethernet.o
 .text.EthernetIntClear
                0x00000000       0x1c ..\obj\ethernet.o
 .text.EthernetPHYAddrSet
                0x00000000       0x30 ..\obj\ethernet.o
 .text.EthernetPHYWrite
                0x00000000       0x58 ..\obj\ethernet.o
 .text.EthernetPHYRead
                0x00000000       0x54 ..\obj\ethernet.o
 .text.EthernetPHYPowerOff
                0x00000000       0x2c ..\obj\ethernet.o
 .text.EthernetPHYPowerOn
                0x00000000       0x2c ..\obj\ethernet.o
 .debug_info    0x00000000      0x68d ..\obj\ethernet.o
 .debug_abbrev  0x00000000      0x159 ..\obj\ethernet.o
 .debug_aranges
                0x00000000       0xe8 ..\obj\ethernet.o
 .debug_ranges  0x00000000       0xd8 ..\obj\ethernet.o
 .debug_line    0x00000000      0x348 ..\obj\ethernet.o
 .debug_str     0x00000000      0x38a ..\obj\ethernet.o
 .comment       0x00000000       0x71 ..\obj\ethernet.o
 .debug_frame   0x00000000      0x400 ..\obj\ethernet.o
 .ARM.attributes
                0x00000000       0x33 ..\obj\ethernet.o
 .text          0x00000000        0x0 ..\obj\mpu.o
 .data          0x00000000        0x0 ..\obj\mpu.o
 .bss           0x00000000        0x0 ..\obj\mpu.o
 .text.MPUEnable
                0x00000000       0x20 ..\obj\mpu.o
 .text.MPUDisable
                0x00000000       0x1c ..\obj\mpu.o
 .text.MPURegionCountGet
                0x00000000       0x1c ..\obj\mpu.o
 .text.MPURegionEnable
                0x00000000       0x2c ..\obj\mpu.o
 .text.MPURegionDisable
                0x00000000       0x2c ..\obj\mpu.o
 .text.MPURegionSet
                0x00000000       0x3c ..\obj\mpu.o
 .text.MPURegionGet
                0x00000000       0x38 ..\obj\mpu.o
 .text.MPUIntRegister
                0x00000000       0x1c ..\obj\mpu.o
 .text.MPUIntUnregister
                0x00000000       0x14 ..\obj\mpu.o
 .debug_info    0x00000000      0x18f ..\obj\mpu.o
 .debug_abbrev  0x00000000       0xe3 ..\obj\mpu.o
 .debug_aranges
                0x00000000       0x60 ..\obj\mpu.o
 .debug_ranges  0x00000000       0x50 ..\obj\mpu.o
 .debug_line    0x00000000      0x112 ..\obj\mpu.o
 .debug_str     0x00000000      0x199 ..\obj\mpu.o
 .comment       0x00000000       0x71 ..\obj\mpu.o
 .debug_frame   0x00000000      0x158 ..\obj\mpu.o
 .ARM.attributes
                0x00000000       0x33 ..\obj\mpu.o
 .text          0x00000000        0x0 ..\obj\syscalls.o
 .data          0x00000000        0x0 ..\obj\syscalls.o
 .bss           0x00000000        0x4 ..\obj\syscalls.o
 .text._sbrk    0x00000000       0x40 ..\obj\syscalls.o
 .text.link     0x00000000       0x1c ..\obj\syscalls.o
 .text._close   0x00000000       0x18 ..\obj\syscalls.o
 .text._fstat   0x00000000       0x20 ..\obj\syscalls.o
 .text._isatty  0x00000000       0x18 ..\obj\syscalls.o
 .text._lseek   0x00000000       0x1c ..\obj\syscalls.o
 .text._read    0x00000000       0x1c ..\obj\syscalls.o
 .text._write   0x00000000       0x1c ..\obj\syscalls.o
 .text.abort    0x00000000        0x8 ..\obj\syscalls.o
 .debug_info    0x00000000      0x3ee ..\obj\syscalls.o
 .debug_abbrev  0x00000000       0xe2 ..\obj\syscalls.o
 .debug_aranges
                0x00000000       0x60 ..\obj\syscalls.o
 .debug_ranges  0x00000000       0x50 ..\obj\syscalls.o
 .debug_line    0x00000000      0x17b ..\obj\syscalls.o
 .debug_str     0x00000000      0x2e1 ..\obj\syscalls.o
 .comment       0x00000000       0x71 ..\obj\syscalls.o
 .debug_frame   0x00000000      0x168 ..\obj\syscalls.o
 .ARM.attributes
                0x00000000       0x33 ..\obj\syscalls.o
 .text          0x00000000        0x0 ..\obj\ssi.o
 .data          0x00000000        0x0 ..\obj\ssi.o
 .bss           0x00000000        0x0 ..\obj\ssi.o
 .rodata        0x00000000       0x20 ..\obj\ssi.o
 .text.SSIIntNumberGet
                0x00000000       0x48 ..\obj\ssi.o
 .text.SSIConfigSetExpClk
                0x00000000       0x9c ..\obj\ssi.o
 .text.SSIEnable
                0x00000000       0x24 ..\obj\ssi.o
 .text.SSIDisable
                0x00000000       0x24 ..\obj\ssi.o
 .text.SSIIntRegister
                0x00000000       0x28 ..\obj\ssi.o
 .text.SSIIntUnregister
                0x00000000       0x24 ..\obj\ssi.o
 .text.SSIIntEnable
                0x00000000       0x28 ..\obj\ssi.o
 .text.SSIIntDisable
                0x00000000       0x28 ..\obj\ssi.o
 .text.SSIIntStatus
                0x00000000       0x2c ..\obj\ssi.o
 .text.SSIIntClear
                0x00000000       0x20 ..\obj\ssi.o
 .text.SSIDataPut
                0x00000000       0x30 ..\obj\ssi.o
 .text.SSIDataPutNonBlocking
                0x00000000       0x34 ..\obj\ssi.o
 .text.SSIDataGet
                0x00000000       0x30 ..\obj\ssi.o
 .text.SSIDataGetNonBlocking
                0x00000000       0x34 ..\obj\ssi.o
 .text.SSIDMAEnable
                0x00000000       0x28 ..\obj\ssi.o
 .text.SSIDMADisable
                0x00000000       0x28 ..\obj\ssi.o
 .text.SSIBusy  0x00000000       0x28 ..\obj\ssi.o
 .text.SSIClockSourceSet
                0x00000000       0x20 ..\obj\ssi.o
 .text.SSIClockSourceGet
                0x00000000       0x1c ..\obj\ssi.o
 .debug_info    0x00000000      0x4d4 ..\obj\ssi.o
 .debug_abbrev  0x00000000      0x113 ..\obj\ssi.o
 .debug_aranges
                0x00000000       0xb0 ..\obj\ssi.o
 .debug_ranges  0x00000000       0xa0 ..\obj\ssi.o
 .debug_line    0x00000000      0x285 ..\obj\ssi.o
 .debug_str     0x00000000      0x2cb ..\obj\ssi.o
 .comment       0x00000000       0x71 ..\obj\ssi.o
 .debug_frame   0x00000000      0x300 ..\obj\ssi.o
 .ARM.attributes
                0x00000000       0x33 ..\obj\ssi.o
 .text          0x00000000        0x0 ..\obj\adc.o
 .data          0x00000000        0x0 ..\obj\adc.o
 .bss           0x00000000        0x4 ..\obj\adc.o
 .text.ADCIntRegister
                0x00000000       0x38 ..\obj\adc.o
 .text.ADCIntUnregister
                0x00000000       0x34 ..\obj\adc.o
 .text.ADCIntDisable
                0x00000000       0x30 ..\obj\adc.o
 .text.ADCIntEnable
                0x00000000       0x3c ..\obj\adc.o
 .text.ADCIntStatus
                0x00000000       0x74 ..\obj\adc.o
 .text.ADCIntClear
                0x00000000       0x24 ..\obj\adc.o
 .text.ADCSequenceEnable
                0x00000000       0x28 ..\obj\adc.o
 .text.ADCSequenceDisable
                0x00000000       0x28 ..\obj\adc.o
 .text.ADCSequenceConfigure
                0x00000000       0x70 ..\obj\adc.o
 .text.ADCSequenceStepConfigure
                0x00000000      0x12c ..\obj\adc.o
 .text.ADCSequenceOverflow
                0x00000000       0x28 ..\obj\adc.o
 .text.ADCSequenceOverflowClear
                0x00000000       0x24 ..\obj\adc.o
 .text.ADCSequenceUnderflow
                0x00000000       0x28 ..\obj\adc.o
 .text.ADCSequenceUnderflowClear
                0x00000000       0x24 ..\obj\adc.o
 .text.ADCSequenceDataGet
                0x00000000       0x54 ..\obj\adc.o
 .text.ADCProcessorTrigger
                0x00000000       0x38 ..\obj\adc.o
 .text.ADCSoftwareOversampleConfigure
                0x00000000       0x48 ..\obj\adc.o
 .text.ADCSoftwareOversampleStepConfigure
                0x00000000       0xfc ..\obj\adc.o
 .text.ADCSoftwareOversampleDataGet
                0x00000000       0x78 ..\obj\adc.o
 .text.ADCHardwareOversampleConfigure
                0x00000000       0x3c ..\obj\adc.o
 .text.ADCComparatorConfigure
                0x00000000       0x28 ..\obj\adc.o
 .text.ADCComparatorRegionSet
                0x00000000       0x30 ..\obj\adc.o
 .text.ADCComparatorReset
                0x00000000       0x60 ..\obj\adc.o
 .text.ADCComparatorIntDisable
                0x00000000       0x30 ..\obj\adc.o
 .text.ADCComparatorIntEnable
                0x00000000       0x30 ..\obj\adc.o
 .text.ADCComparatorIntStatus
                0x00000000       0x1c ..\obj\adc.o
 .text.ADCComparatorIntClear
                0x00000000       0x20 ..\obj\adc.o
 .text.ADCReferenceSet
                0x00000000       0x2c ..\obj\adc.o
 .text.ADCReferenceGet
                0x00000000       0x20 ..\obj\adc.o
 .text.ADCResolutionSet
                0x00000000       0x2c ..\obj\adc.o
 .text.ADCResolutionGet
                0x00000000       0x20 ..\obj\adc.o
 .text.ADCPhaseDelaySet
                0x00000000       0x20 ..\obj\adc.o
 .text.ADCPhaseDelayGet
                0x00000000       0x1c ..\obj\adc.o
 .debug_info    0x00000000      0x8b2 ..\obj\adc.o
 .debug_abbrev  0x00000000      0x10e ..\obj\adc.o
 .debug_aranges
                0x00000000      0x120 ..\obj\adc.o
 .debug_ranges  0x00000000      0x110 ..\obj\adc.o
 .debug_line    0x00000000      0x40c ..\obj\adc.o
 .debug_str     0x00000000      0x48e ..\obj\adc.o
 .comment       0x00000000       0x71 ..\obj\adc.o
 .debug_frame   0x00000000      0x530 ..\obj\adc.o
 .ARM.attributes
                0x00000000       0x33 ..\obj\adc.o
 .text          0x00000000        0x0 ..\obj\i2s.o
 .data          0x00000000        0x0 ..\obj\i2s.o
 .bss           0x00000000        0x0 ..\obj\i2s.o
 .text.I2STxEnable
                0x00000000       0x34 ..\obj\i2s.o
 .text.I2STxDisable
                0x00000000       0x28 ..\obj\i2s.o
 .text.I2STxDataPut
                0x00000000       0x28 ..\obj\i2s.o
 .text.I2STxDataPutNonBlocking
                0x00000000       0x2c ..\obj\i2s.o
 .text.I2STxConfigSet
                0x00000000       0x48 ..\obj\i2s.o
 .text.I2STxFIFOLimitSet
                0x00000000       0x20 ..\obj\i2s.o
 .text.I2STxFIFOLimitGet
                0x00000000       0x1c ..\obj\i2s.o
 .text.I2STxFIFOLevelGet
                0x00000000       0x1c ..\obj\i2s.o
 .text.I2SRxEnable
                0x00000000       0x34 ..\obj\i2s.o
 .text.I2SRxDisable
                0x00000000       0x28 ..\obj\i2s.o
 .text.I2SRxDataGet
                0x00000000       0x30 ..\obj\i2s.o
 .text.I2SRxDataGetNonBlocking
                0x00000000       0x34 ..\obj\i2s.o
 .text.I2SRxConfigSet
                0x00000000       0x7c ..\obj\i2s.o
 .text.I2SRxFIFOLimitSet
                0x00000000       0x20 ..\obj\i2s.o
 .text.I2SRxFIFOLimitGet
                0x00000000       0x24 ..\obj\i2s.o
 .text.I2SRxFIFOLevelGet
                0x00000000       0x1c ..\obj\i2s.o
 .text.I2STxRxEnable
                0x00000000       0x40 ..\obj\i2s.o
 .text.I2STxRxDisable
                0x00000000       0x28 ..\obj\i2s.o
 .text.I2STxRxConfigSet
                0x00000000       0xa0 ..\obj\i2s.o
 .text.I2SMasterClockSelect
                0x00000000       0x34 ..\obj\i2s.o
 .text.I2SIntEnable
                0x00000000       0x2c ..\obj\i2s.o
 .text.I2SIntDisable
                0x00000000       0x2c ..\obj\i2s.o
 .text.I2SIntStatus
                0x00000000       0x30 ..\obj\i2s.o
 .text.I2SIntClear
                0x00000000       0x20 ..\obj\i2s.o
 .text.I2SIntRegister
                0x00000000       0x20 ..\obj\i2s.o
 .text.I2SIntUnregister
                0x00000000       0x1c ..\obj\i2s.o
 .debug_info    0x00000000      0x526 ..\obj\i2s.o
 .debug_abbrev  0x00000000      0x105 ..\obj\i2s.o
 .debug_aranges
                0x00000000       0xe8 ..\obj\i2s.o
 .debug_ranges  0x00000000       0xd8 ..\obj\i2s.o
 .debug_line    0x00000000      0x2d4 ..\obj\i2s.o
 .debug_str     0x00000000      0x2d4 ..\obj\i2s.o
 .comment       0x00000000       0x71 ..\obj\i2s.o
 .debug_frame   0x00000000      0x418 ..\obj\i2s.o
 .ARM.attributes
                0x00000000       0x33 ..\obj\i2s.o
 .text          0x00000000        0x0 ..\obj\qei.o
 .data          0x00000000        0x0 ..\obj\qei.o
 .bss           0x00000000        0x0 ..\obj\qei.o
 .text.QEIEnable
                0x00000000       0x20 ..\obj\qei.o
 .text.QEIDisable
                0x00000000       0x20 ..\obj\qei.o
 .text.QEIConfigure
                0x00000000       0x30 ..\obj\qei.o
 .text.QEIPositionGet
                0x00000000       0x1c ..\obj\qei.o
 .text.QEIPositionSet
                0x00000000       0x20 ..\obj\qei.o
 .text.QEIDirectionGet
                0x00000000       0x2c ..\obj\qei.o
 .text.QEIErrorGet
                0x00000000       0x28 ..\obj\qei.o
 .text.QEIVelocityEnable
                0x00000000       0x20 ..\obj\qei.o
 .text.QEIVelocityDisable
                0x00000000       0x20 ..\obj\qei.o
 .text.QEIVelocityConfigure
                0x00000000       0x34 ..\obj\qei.o
 .text.QEIVelocityGet
                0x00000000       0x1c ..\obj\qei.o
 .text.QEIIntRegister
                0x00000000       0x34 ..\obj\qei.o
 .text.QEIIntUnregister
                0x00000000       0x30 ..\obj\qei.o
 .text.QEIIntEnable
                0x00000000       0x28 ..\obj\qei.o
 .text.QEIIntDisable
                0x00000000       0x28 ..\obj\qei.o
 .text.QEIIntStatus
                0x00000000       0x2c ..\obj\qei.o
 .text.QEIIntClear
                0x00000000       0x20 ..\obj\qei.o
 .debug_info    0x00000000      0x384 ..\obj\qei.o
 .debug_abbrev  0x00000000      0x105 ..\obj\qei.o
 .debug_aranges
                0x00000000       0xa0 ..\obj\qei.o
 .debug_ranges  0x00000000       0x90 ..\obj\qei.o
 .debug_line    0x00000000      0x242 ..\obj\qei.o
 .debug_str     0x00000000      0x241 ..\obj\qei.o
 .comment       0x00000000       0x71 ..\obj\qei.o
 .debug_frame   0x00000000      0x2b0 ..\obj\qei.o
 .ARM.attributes
                0x00000000       0x33 ..\obj\qei.o
 .text          0x00000000        0x0 ..\obj\sysexc.o
 .data          0x00000000        0x0 ..\obj\sysexc.o
 .bss           0x00000000        0x0 ..\obj\sysexc.o
 .text.SysExcIntRegister
                0x00000000       0x1c ..\obj\sysexc.o
 .text.SysExcIntUnregister
                0x00000000       0x14 ..\obj\sysexc.o
 .text.SysExcIntEnable
                0x00000000       0x24 ..\obj\sysexc.o
 .text.SysExcIntDisable
                0x00000000       0x24 ..\obj\sysexc.o
 .text.SysExcIntStatus
                0x00000000       0x30 ..\obj\sysexc.o
 .text.SysExcIntClear
                0x00000000       0x1c ..\obj\sysexc.o
 .debug_info    0x00000000      0x107 ..\obj\sysexc.o
 .debug_abbrev  0x00000000       0xc9 ..\obj\sysexc.o
 .debug_aranges
                0x00000000       0x48 ..\obj\sysexc.o
 .debug_ranges  0x00000000       0x38 ..\obj\sysexc.o
 .debug_line    0x00000000      0x10b ..\obj\sysexc.o
 .debug_str     0x00000000      0x167 ..\obj\sysexc.o
 .comment       0x00000000       0x71 ..\obj\sysexc.o
 .debug_frame   0x00000000       0xf0 ..\obj\sysexc.o
 .ARM.attributes
                0x00000000       0x33 ..\obj\sysexc.o
 .text          0x00000000        0x0 ..\obj\startup_Cortex_M4.o
 .data          0x00000000        0x0 ..\obj\startup_Cortex_M4.o
 .bss           0x00000000        0x0 ..\obj\startup_Cortex_M4.o
 .text          0x00000000        0x0 ..\obj\cpu.o
 .data          0x00000000        0x0 ..\obj\cpu.o
 .bss           0x00000000        0x0 ..\obj\cpu.o
 .text.CPUcpsid
                0x00000000       0x10 ..\obj\cpu.o
 .text.CPUprimask
                0x00000000        0xc ..\obj\cpu.o
 .text.CPUwfi   0x00000000        0x4 ..\obj\cpu.o
 .text.CPUbasepriSet
                0x00000000        0x8 ..\obj\cpu.o
 .text.CPUbasepriGet
                0x00000000        0xc ..\obj\cpu.o
 .text          0x00000000        0x0 ..\obj\fan.o
 .data          0x00000000        0x0 ..\obj\fan.o
 .bss           0x00000000        0x0 ..\obj\fan.o
 .text.FanChannelEnable
                0x00000000       0x2c ..\obj\fan.o
 .text.FanChannelDisable
                0x00000000       0x30 ..\obj\fan.o
 .text.FanChannelStatus
                0x00000000       0x24 ..\obj\fan.o
 .text.FanChannelConfigManual
                0x00000000       0x2c ..\obj\fan.o
 .text.FanChannelConfigAuto
                0x00000000       0x2c ..\obj\fan.o
 .text.FanChannelDutySet
                0x00000000       0x30 ..\obj\fan.o
 .text.FanChannelDutyGet
                0x00000000       0x34 ..\obj\fan.o
 .text.FanChannelRPMSet
                0x00000000       0x28 ..\obj\fan.o
 .text.FanChannelRPMGet
                0x00000000       0x28 ..\obj\fan.o
 .text.FanIntEnable
                0x00000000       0x28 ..\obj\fan.o
 .text.FanIntDisable
                0x00000000       0x28 ..\obj\fan.o
 .text.FanIntStatus
                0x00000000       0x2c ..\obj\fan.o
 .text.FanIntClear
                0x00000000       0x20 ..\obj\fan.o
 .text.FanIntRegister
                0x00000000       0x20 ..\obj\fan.o
 .text.FanIntUnregister
                0x00000000       0x1c ..\obj\fan.o
 .text.FanChannelsGet
                0x00000000       0x20 ..\obj\fan.o
 .debug_info    0x00000000      0x3be ..\obj\fan.o
 .debug_abbrev  0x00000000      0x107 ..\obj\fan.o
 .debug_aranges
                0x00000000       0x98 ..\obj\fan.o
 .debug_ranges  0x00000000       0x88 ..\obj\fan.o
 .debug_line    0x00000000      0x1e0 ..\obj\fan.o
 .debug_str     0x00000000      0x22b ..\obj\fan.o
 .comment       0x00000000       0x71 ..\obj\fan.o
 .debug_frame   0x00000000      0x288 ..\obj\fan.o
 .ARM.attributes
                0x00000000       0x33 ..\obj\fan.o
 .text          0x00000000        0x0 ..\obj\systick.o
 .data          0x00000000        0x0 ..\obj\systick.o
 .bss           0x00000000        0x0 ..\obj\systick.o
 .text.SysTickEnable
                0x00000000       0x1c ..\obj\systick.o
 .text.SysTickDisable
                0x00000000       0x1c ..\obj\systick.o
 .text.SysTickIntRegister
                0x00000000       0x28 ..\obj\systick.o
 .text.SysTickIntUnregister
                0x00000000       0x1c ..\obj\systick.o
 .text.SysTickIntEnable
                0x00000000       0x1c ..\obj\systick.o
 .text.SysTickIntDisable
                0x00000000       0x1c ..\obj\systick.o
 .text.SysTickPeriodSet
                0x00000000       0x20 ..\obj\systick.o
 .text.SysTickPeriodGet
                0x00000000       0x18 ..\obj\systick.o
 .text.SysTickValueGet
                0x00000000       0x18 ..\obj\systick.o
 .debug_info    0x00000000       0xff ..\obj\systick.o
 .debug_abbrev  0x00000000       0xd4 ..\obj\systick.o
 .debug_aranges
                0x00000000       0x60 ..\obj\systick.o
 .debug_ranges  0x00000000       0x50 ..\obj\systick.o
 .debug_line    0x00000000      0x105 ..\obj\systick.o
 .debug_str     0x00000000      0x189 ..\obj\systick.o
 .comment       0x00000000       0x71 ..\obj\systick.o
 .debug_frame   0x00000000      0x138 ..\obj\systick.o
 .ARM.attributes
                0x00000000       0x33 ..\obj\systick.o
 .text          0x00000000        0x0 ..\obj\udma.o
 .data          0x00000000        0x0 ..\obj\udma.o
 .bss           0x00000000        0x0 ..\obj\udma.o
 .text.uDMAEnable
                0x00000000       0x18 ..\obj\udma.o
 .text.uDMADisable
                0x00000000       0x18 ..\obj\udma.o
 .text.uDMAErrorStatusGet
                0x00000000       0x18 ..\obj\udma.o
 .text.uDMAErrorStatusClear
                0x00000000       0x18 ..\obj\udma.o
 .text.uDMAChannelEnable
                0x00000000       0x28 ..\obj\udma.o
 .text.uDMAChannelDisable
                0x00000000       0x28 ..\obj\udma.o
 .text.uDMAChannelIsEnabled
                0x00000000       0x34 ..\obj\udma.o
 .text.uDMAControlBaseSet
                0x00000000       0x1c ..\obj\udma.o
 .text.uDMAControlBaseGet
                0x00000000       0x18 ..\obj\udma.o
 .text.uDMAControlAlternateBaseGet
                0x00000000       0x18 ..\obj\udma.o
 .text.uDMAChannelRequest
                0x00000000       0x28 ..\obj\udma.o
 .text.uDMAChannelAttributeEnable
                0x00000000       0x84 ..\obj\udma.o
 .text.uDMAChannelAttributeDisable
                0x00000000       0x84 ..\obj\udma.o
 .text.uDMAChannelAttributeGet
                0x00000000       0x9c ..\obj\udma.o
 .text.uDMAChannelControlSet
                0x00000000       0x48 ..\obj\udma.o
 .text.uDMAChannelTransferSet
                0x00000000      0x104 ..\obj\udma.o
 .text.uDMAChannelScatterGatherSet
                0x00000000       0x88 ..\obj\udma.o
 .text.uDMAChannelSizeGet
                0x00000000       0x48 ..\obj\udma.o
 .text.uDMAChannelModeGet
                0x00000000       0x54 ..\obj\udma.o
 .text.uDMAChannelSelectSecondary
                0x00000000       0x24 ..\obj\udma.o
 .text.uDMAChannelSelectDefault
                0x00000000       0x24 ..\obj\udma.o
 .text.uDMAIntRegister
                0x00000000       0x20 ..\obj\udma.o
 .text.uDMAIntUnregister
                0x00000000       0x1c ..\obj\udma.o
 .text.uDMAIntStatus
                0x00000000       0x18 ..\obj\udma.o
 .text.uDMAIntClear
                0x00000000       0x1c ..\obj\udma.o
 .text.uDMAChannelAssign
                0x00000000       0x58 ..\obj\udma.o
 .debug_info    0x00000000      0x587 ..\obj\udma.o
 .debug_abbrev  0x00000000      0x180 ..\obj\udma.o
 .debug_aranges
                0x00000000       0xe8 ..\obj\udma.o
 .debug_ranges  0x00000000       0xd8 ..\obj\udma.o
 .debug_line    0x00000000      0x326 ..\obj\udma.o
 .debug_str     0x00000000      0x43e ..\obj\udma.o
 .comment       0x00000000       0x71 ..\obj\udma.o
 .debug_frame   0x00000000      0x3e0 ..\obj\udma.o
 .ARM.attributes
                0x00000000       0x33 ..\obj\udma.o
 .text          0x00000000        0x0 ..\obj\eeprom.o
 .data          0x00000000        0x0 ..\obj\eeprom.o
 .bss           0x00000000        0x0 ..\obj\eeprom.o
 .text.EEPROMSetSectorMask
                0x00000000       0x50 ..\obj\eeprom.o
 .text.EEPROMClearSectorMask
                0x00000000       0x38 ..\obj\eeprom.o
 .text.EEPROMWaitForDone
                0x00000000       0x20 ..\obj\eeprom.o
 .text.EEPROMInit
                0x00000000       0x5c ..\obj\eeprom.o
 .text.EEPROMSizeGet
                0x00000000       0x1c ..\obj\eeprom.o
 .text.EEPROMBlockCountGet
                0x00000000       0x20 ..\obj\eeprom.o
 .text.EEPROMRead
                0x00000000       0x6c ..\obj\eeprom.o
 .text.EEPROMProgram
                0x00000000      0x108 ..\obj\eeprom.o
 .text.EEPROMProgramNonBlocking
                0x00000000       0x6c ..\obj\eeprom.o
 .text.EEPROMMassErase
                0x00000000       0x60 ..\obj\eeprom.o
 .text.EEPROMBlockProtectGet
                0x00000000       0x28 ..\obj\eeprom.o
 .text.EEPROMBlockProtectSet
                0x00000000       0x40 ..\obj\eeprom.o
 .text.EEPROMBlockPasswordSet
                0x00000000       0x64 ..\obj\eeprom.o
 .text.EEPROMBlockLock
                0x00000000       0x30 ..\obj\eeprom.o
 .text.EEPROMBlockUnlock
                0x00000000       0x5c ..\obj\eeprom.o
 .text.EEPROMBlockHide
                0x00000000       0x24 ..\obj\eeprom.o
 .text.EEPROMIntEnable
                0x00000000       0x34 ..\obj\eeprom.o
 .text.EEPROMIntDisable
                0x00000000       0x34 ..\obj\eeprom.o
 .text.EEPROMIntStatus
                0x00000000       0x40 ..\obj\eeprom.o
 .text.EEPROMIntClear
                0x00000000       0x40 ..\obj\eeprom.o
 .text.EEPROMStatusGet
                0x00000000       0x18 ..\obj\eeprom.o
 .debug_info    0x00000000      0x3d6 ..\obj\eeprom.o
 .debug_abbrev  0x00000000      0x189 ..\obj\eeprom.o
 .debug_aranges
                0x00000000       0xc0 ..\obj\eeprom.o
 .debug_ranges  0x00000000       0xb0 ..\obj\eeprom.o
 .debug_line    0x00000000      0x2fc ..\obj\eeprom.o
 .debug_str     0x00000000      0x2bb ..\obj\eeprom.o
 .comment       0x00000000       0x71 ..\obj\eeprom.o
 .debug_frame   0x00000000      0x30c ..\obj\eeprom.o
 .ARM.attributes
                0x00000000       0x33 ..\obj\eeprom.o

Memory Configuration

Name             Origin             Length             Attributes
rom              0x00000000         0x00040000         xr
ram              0x20000000         0x00008000         xrw
*default*        0x00000000         0xffffffff

Linker script and memory map

                0x20008000                _eram = 0x20008000

.text           0x00000000     0x1188
 *(.isr_vector)
 .isr_vector    0x00000000      0x26c ..\obj\startup_Cortex_M4.o
                0x00000000                g_pfnVectors
 *(.text*)
 .text.Initialize
                0x0000026c       0x14 ..\obj\datalogger.o
                0x0000026c                Initialize
 .text.InitClock
                0x00000280       0x44 ..\obj\datalogger.o
                0x00000280                InitClock
 .text.InitGPIO
                0x000002c4       0x64 ..\obj\datalogger.o
                0x000002c4                InitGPIO
 .text.InitTimer0
                0x00000328       0x50 ..\obj\datalogger.o
                0x00000328                InitTimer0
 .text.TimerEnable
                0x00000378       0x2c ..\obj\timer.o
                0x00000378                TimerEnable
 .text.TimerConfigure
                0x000003a4       0x54 ..\obj\timer.o
                0x000003a4                TimerConfigure
 .text.TimerLoadSet
                0x000003f8       0x3c ..\obj\timer.o
                0x000003f8                TimerLoadSet
 .text.TimerIntEnable
                0x00000434       0x28 ..\obj\timer.o
                0x00000434                TimerIntEnable
 .text.TimerIntClear
                0x0000045c       0x20 ..\obj\timer.o
                0x0000045c                TimerIntClear
 .text.main     0x0000047c       0x18 ..\obj\main.o
                0x0000047c                main
 .text.Timer0A_IRQHandler
                0x00000494       0x3c ..\obj\main.o
                0x00000494                Timer0A_IRQHandler
 .text.SysCtlPeripheralEnable
                0x000004d0       0x88 ..\obj\sysctl.o
                0x000004d0                SysCtlPeripheralEnable
 .text.SysCtlDelay
                0x00000558        0x8 ..\obj\sysctl.o
                0x00000558                SysCtlDelay
 .text.SysCtlClockSet
                0x00000560      0x240 ..\obj\sysctl.o
                0x00000560                SysCtlClockSet
 .text.SysCtlClockGet
                0x000007a0      0x304 ..\obj\sysctl.o
                0x000007a0                SysCtlClockGet
 .text.GPIODirModeSet
                0x00000aa4       0x78 ..\obj\gpio.o
                0x00000aa4                GPIODirModeSet
 .text.GPIOPadConfigSet
                0x00000b1c      0x1c8 ..\obj\gpio.o
                0x00000b1c                GPIOPadConfigSet
 .text.GPIOPinRead
                0x00000ce4       0x24 ..\obj\gpio.o
                0x00000ce4                GPIOPinRead
 .text.GPIOPinWrite
                0x00000d08       0x2c ..\obj\gpio.o
                0x00000d08                GPIOPinWrite
 .text.GPIOPinTypeGPIOInput
                0x00000d34       0x2c ..\obj\gpio.o
                0x00000d34                GPIOPinTypeGPIOInput
 .text.GPIOPinTypeGPIOOutput
                0x00000d60       0x2c ..\obj\gpio.o
                0x00000d60                GPIOPinTypeGPIOOutput
 .text.IntMasterEnable
                0x00000d8c       0x10 ..\obj\interrupt.o
                0x00000d8c                IntMasterEnable
 .text.IntEnable
                0x00000d9c       0x94 ..\obj\interrupt.o
                0x00000d9c                IntEnable
 .text.Default_Reset_Handler
                0x00000e30       0x68 ..\obj\startup_Cortex_M4.o
                0x00000e30                Default_Reset_Handler
                0x00000e30                Reset_Handler
 .text.Default_Handler
                0x00000e98        0x8 ..\obj\startup_Cortex_M4.o
                0x00000e98                PECI0_IRQHandler
                0x00000e98                GPIOPortP4_IRQHandler
                0x00000e98                PWM1Gen3_IRQHandler
                0x00000e98                DebugMon_Handler
                0x00000e98                QEI2_IRQHandler
                0x00000e98                FlashCtrl_IRQHandler
                0x00000e98                GPIOPortP7_IRQHandler
                0x00000e98                Timer0B_IRQHandler
                0x00000e98                I2C0_IRQHandler
                0x00000e98                HardFault_Handler
                0x00000e98                SysTick_Handler
                0x00000e98                PendSV_Handler
                0x00000e98                NMI_Handler
                0x00000e98                I2C1_IRQHandler
                0x00000e98                GPIOPortP5_IRQHandler
                0x00000e98                PWMGen0_IRQHandler
                0x00000e98                UART1_IRQHandler
                0x00000e98                CAN1_IRQHandler
                0x00000e98                Timer1B_IRQHandler
                0x00000e98                WTimer5A_IRQHandler
                0x00000e98                Watchdog_IRQHandler
                0x00000e98                GPIOPortS_IRQHandler
                0x00000e98                GPIOPortQ7_IRQHandler
                0x00000e98                PWM1Gen2_IRQHandler
                0x00000e98                UART0_IRQHandler
                0x00000e98                GPIOPortL_IRQHandler
                0x00000e98                SSI0_IRQHandler
                0x00000e98                GPIOPortM_IRQHandler
                0x00000e98                FPU_IRQHandler
                0x00000e98                UsageFault_Handler
                0x00000e98                ADCSeq1_IRQHandler
                0x00000e98                GPIOPortP0_IRQHandler
                0x00000e98                LPC0_IRQHandler
                0x00000e98                PWMFault_IRQHandler
                0x00000e98                I2C5_IRQHandler
                0x00000e98                I2C4_IRQHandler
                0x00000e98                GPIOPortQ5_IRQHandler
                0x00000e98                PWMGen1_IRQHandler
                0x00000e98                SSI1_IRQHandler
                0x00000e98                I2C2_IRQHandler
                0x00000e98                uDMA_IRQHandler
                0x00000e98                UART5_IRQHandler
                0x00000e98                GPIOPortC_IRQHandler
                0x00000e98                WTimer5B_IRQHandler
                0x00000e98                GPIOPortK_IRQHandler
                0x00000e98                ADCSeq2_IRQHandler
                0x00000e98                PWMGen2_IRQHandler
                0x00000e98                UART2_IRQHandler
                0x00000e98                GPIOPortP3_IRQHandler
                0x00000e98                ADC1Seq0_IRQHandler
                0x00000e98                UART4_IRQHandler
                0x00000e98                GPIOPortJ_IRQHandler
                0x00000e98                WTimer2B_IRQHandler
                0x00000e98                Timer5A_IRQHandler
                0x00000e98                WTimer0A_IRQHandler
                0x00000e98                Timer4A_IRQHandler
                0x00000e98                WTimer1A_IRQHandler
                0x00000e98                uDMAErr_IRQHandler
                0x00000e98                QEI1_IRQHandler
                0x00000e98                PWM1Fault_IRQHandler
                0x00000e98                GPIOPortP6_IRQHandler
                0x00000e98                WTimer3A_IRQHandler
                0x00000e98                QEI0_IRQHandler
                0x00000e98                WTimer1B_IRQHandler
                0x00000e98                ADC1Seq2_IRQHandler
                0x00000e98                ADC1Seq1_IRQHandler
                0x00000e98                PWMGen3_IRQHandler
                0x00000e98                GPIOPortD_IRQHandler
                0x00000e98                USB0_IRQHandler
                0x00000e98                I2C3_IRQHandler
                0x00000e98                WTimer0B_IRQHandler
                0x00000e98                MemManage_Handler
                0x00000e98                SVC_Handler
                0x00000e98                GPIOPortP2_IRQHandler
                0x00000e98                GPIOPortQ4_IRQHandler
                0x00000e98                Timer3B_IRQHandler
                0x00000e98                Timer3A_IRQHandler
                0x00000e98                GPIOPortA_IRQHandler
                0x00000e98                ADC1Seq3_IRQHandler
                0x00000e98                GPIOPortP1_IRQHandler
                0x00000e98                ADCSeq0_IRQHandler
                0x00000e98                Timer1A_IRQHandler
                0x00000e98                GPIOPortG_IRQHandler
                0x00000e98                WTimer3B_IRQHandler
                0x00000e98                Fan0_IRQHandler
                0x00000e98                GPIOPortQ3_IRQHandler
                0x00000e98                GPIOPortQ1_IRQHandler
                0x00000e98                Timer5B_IRQHandler
                0x00000e98                ADCSeq3_IRQHandler
                0x00000e98                GPIOPortE_IRQHandler
                0x00000e98                WTimer4B_IRQHandler
                0x00000e98                CAN0_IRQHandler
                0x00000e98                GPIOPortQ0_IRQHandler
                0x00000e98                Comp0_IRQHandler
                0x00000e98                Comp1_IRQHandler
                0x00000e98                Comp2_IRQHandler
                0x00000e98                GPIOPortQ6_IRQHandler
                0x00000e98                SSI2_IRQHandler
                0x00000e98                PWM1Gen0_IRQHandler
                0x00000e98                GPIOPortF_IRQHandler
                0x00000e98                UART7_IRQHandler
                0x00000e98                UART6_IRQHandler
                0x00000e98                GPIOPortB_IRQHandler
                0x00000e98                CAN2_IRQHandler
                0x00000e98                GPIOPortH_IRQHandler
                0x00000e98                GPIOPortQ2_IRQHandler
                0x00000e98                GPIOPortR_IRQHandler
                0x00000e98                Timer4B_IRQHandler
                0x00000e98                BusFault_Handler
                0x00000e98                WTimer4A_IRQHandler
                0x00000e98                Timer2A_IRQHandler
                0x00000e98                SSI3_IRQHandler
                0x00000e98                Timer2B_IRQHandler
                0x00000e98                GPIOPortN_IRQHandler
                0x00000e98                UART3_IRQHandler
                0x00000e98                SysCtrl_IRQHandler
                0x00000e98                WTimer2A_IRQHandler
                0x00000e98                Hibernate_IRQHandler
                0x00000e98                PWM1Gen1_IRQHandler
 .text.CPUcpsie
                0x00000ea0       0x10 ..\obj\cpu.o
                0x00000ea0                CPUcpsie
 *(.init)
 *(.fini)
 *crtbegin.o(.ctors)
 *crtbegin?.o(.ctors)
 *(EXCLUDE_FILE(*crtend.o *crtend?.o) .ctors)
 *(SORT(.ctors.*))
 *(.ctors)
 *crtbegin.o(.dtors)
 *crtbegin?.o(.dtors)
 *(EXCLUDE_FILE(*crtend.o *crtend?.o) .dtors)
 *(SORT(.dtors.*))
 *(.dtors)
 *(.rodata*)
 .rodata        0x00000eb0      0x1cc ..\obj\sysctl.o
 .rodata        0x0000107c      0x10c ..\obj\interrupt.o
 *(.eh_fram e*)

.glue_7         0x00001188        0x0
 .glue_7        0x00000000        0x0 linker stubs

.glue_7t        0x00001188        0x0
 .glue_7t       0x00000000        0x0 linker stubs

.vfp11_veneer   0x00001188        0x0
 .vfp11_veneer  0x00000000        0x0 linker stubs

.v4_bx          0x00001188        0x0
 .v4_bx         0x00000000        0x0 linker stubs

.iplt           0x00001188        0x0
 .iplt          0x00000000        0x0 ..\obj\hibernate.o

.rel.dyn        0x00001188        0x0
 .rel.iplt      0x00000000        0x0 ..\obj\hibernate.o

.ARM.extab
 *(.ARM.extab* .gnu.linkonce.armextab.*)
                0x00001188                __exidx_start = .

.ARM.exidx
 *(.ARM.exidx* .gnu.linkonce.armexidx.*)
                0x00001188                __exidx_end = .
                0x00001188                __etext = .
                0x00001188                _sidata = __etext

.data           0x20000000        0x0 load address 0x00001188
                0x20000000                __data_start__ = .
                0x20000000                _sdata = __data_start__
 *(vtable)
 *(.data*)
                0x20000000                . = ALIGN (0x4)
                0x20000000                PROVIDE (__preinit_array_start, .)
 *(.preinit_array)
                0x20000000                PROVIDE (__preinit_array_end, .)
                0x20000000                . = ALIGN (0x4)
                0x20000000                PROVIDE (__init_array_start, .)
 *(SORT(.init_array.*))
 *(.init_array)
                0x20000000                PROVIDE (__init_array_end, .)
                0x20000000                . = ALIGN (0x4)
                0x20000000                PROVIDE (__fini_array_start, .)
 *(SORT(.fini_array.*))
 *(.fini_array)
                0x20000000                PROVIDE (__fini_array_end, .)
 *(.jcr*)
                0x20000000                . = ALIGN (0x4)
                0x20000000                __data_end__ = .
                0x20000000                _edata = __data_end__

.igot.plt       0x20000000        0x0
 .igot.plt      0x00000000        0x0 ..\obj\hibernate.o

.bss            0x20000000        0xc
                0x20000000                . = ALIGN (0x4)
                0x20000000                __bss_start__ = .
                0x20000000                _sbss = __bss_start__
 *(.bss*)
 *(COMMON)
 COMMON         0x20000000        0x8 ..\obj\delay.o
                0x20000000                _USDELAY_BASE
                0x20000004                _MSDELAY_BASE
 COMMON         0x20000008        0x4 ..\obj\datalogger.o
                0x20000008                ulPeriod
                0x2000000c                . = ALIGN (0x4)
                0x2000000c                __bss_end__ = .
                0x2000000c                _ebss = __bss_end__

.heap           0x2000000c        0x0
                0x2000000c                __end__ = .
                0x2000000c                _end = __end__
                0x2000000c                end = __end__
 *(.heap*)
                0x2000000c                __HeapLimit = .

.co_stack       0x2000000c      0x804
                0x20000010                . = ALIGN (0x8)
 *fill*         0x2000000c        0x4 
 *(.co_stack .co_stack.*)
 .co_stack      0x20000010      0x800 ..\obj\startup_Cortex_M4.o
                0x20000010                pulStack
                0x20008000                __StackTop = (ORIGIN (ram) + 0x8000)
                0x200077fc                __StackLimit = (__StackTop - SIZEOF (.co_stack))
                0x20008000                PROVIDE (__stack, __StackTop)
                0x00000001                ASSERT ((__StackLimit >= __HeapLimit), region ram  overflowed with stack)
LOAD ..\obj\hibernate.o
LOAD ..\obj\delay.o
LOAD ..\obj\datalogger.o
LOAD ..\obj\i2c.o
LOAD ..\obj\flash.o
LOAD ..\obj\timer.o
LOAD ..\obj\pwm.o
LOAD ..\obj\uart.o
LOAD ..\obj\fpu.o
LOAD ..\obj\epi.o
LOAD ..\obj\main.o
LOAD ..\obj\sysctl.o
LOAD ..\obj\usb.o
LOAD ..\obj\peci.o
LOAD ..\obj\can.o
LOAD ..\obj\lpc.o
LOAD ..\obj\watchdog.o
LOAD ..\obj\gpio.o
LOAD ..\obj\comp.o
LOAD ..\obj\interrupt.o
LOAD ..\obj\ethernet.o
LOAD ..\obj\mpu.o
LOAD ..\obj\syscalls.o
LOAD ..\obj\ssi.o
LOAD ..\obj\adc.o
LOAD ..\obj\i2s.o
LOAD ..\obj\qei.o
LOAD ..\obj\sysexc.o
LOAD ..\obj\startup_Cortex_M4.o
LOAD ..\obj\cpu.o
LOAD ..\obj\fan.o
LOAD ..\obj\systick.o
LOAD ..\obj\udma.o
LOAD ..\obj\eeprom.o
START GROUP
LOAD c:/program files (x86)/gnu tools arm embedded/4.9 2015q1/bin/../lib/gcc/arm-none-eabi/4.9.3/armv7e-m\libgcc.a
LOAD c:/program files (x86)/gnu tools arm embedded/4.9 2015q1/bin/../lib/gcc/arm-none-eabi/4.9.3/../../../../arm-none-eabi/lib/armv7e-m\libg.a
LOAD c:/program files (x86)/gnu tools arm embedded/4.9 2015q1/bin/../lib/gcc/arm-none-eabi/4.9.3/../../../../arm-none-eabi/lib/armv7e-m\libc.a
END GROUP
OUTPUT(Test005 - Timer0.elf elf32-littlearm)

.debug_info     0x00000000     0x22ec
 .debug_info    0x00000000       0x98 ..\obj\delay.o
 .debug_info    0x00000098       0xac ..\obj\datalogger.o
 .debug_info    0x00000144      0x83a ..\obj\timer.o
 .debug_info    0x0000097e       0x67 ..\obj\main.o
 .debug_info    0x000009e5      0x8e8 ..\obj\sysctl.o
 .debug_info    0x000012cd      0xa46 ..\obj\gpio.o
 .debug_info    0x00001d13      0x3b3 ..\obj\interrupt.o
 .debug_info    0x000020c6      0x12c ..\obj\startup_Cortex_M4.o
 .debug_info    0x000021f2       0xfa ..\obj\cpu.o

.debug_abbrev   0x00000000      0x712
 .debug_abbrev  0x00000000       0x57 ..\obj\delay.o
 .debug_abbrev  0x00000057       0x57 ..\obj\datalogger.o
 .debug_abbrev  0x000000ae      0x113 ..\obj\timer.o
 .debug_abbrev  0x000001c1       0x69 ..\obj\main.o
 .debug_abbrev  0x0000022a      0x168 ..\obj\sysctl.o
 .debug_abbrev  0x00000392       0xf9 ..\obj\gpio.o
 .debug_abbrev  0x0000048b      0x11a ..\obj\interrupt.o
 .debug_abbrev  0x000005a5       0xbb ..\obj\startup_Cortex_M4.o
 .debug_abbrev  0x00000660       0xb2 ..\obj\cpu.o

.debug_aranges  0x00000000      0x5d0
 .debug_aranges
                0x00000000       0x28 ..\obj\delay.o
 .debug_aranges
                0x00000028       0x40 ..\obj\datalogger.o
 .debug_aranges
                0x00000068      0x120 ..\obj\timer.o
 .debug_aranges
                0x00000188       0x28 ..\obj\main.o
 .debug_aranges
                0x000001b0      0x1a8 ..\obj\sysctl.o
 .debug_aranges
                0x00000358      0x170 ..\obj\gpio.o
 .debug_aranges
                0x000004c8       0x98 ..\obj\interrupt.o
 .debug_aranges
                0x00000560       0x28 ..\obj\startup_Cortex_M4.o
 .debug_aranges
                0x00000588       0x48 ..\obj\cpu.o

.debug_ranges   0x00000000      0x540
 .debug_ranges  0x00000000       0x18 ..\obj\delay.o
 .debug_ranges  0x00000018       0x30 ..\obj\datalogger.o
 .debug_ranges  0x00000048      0x110 ..\obj\timer.o
 .debug_ranges  0x00000158       0x18 ..\obj\main.o
 .debug_ranges  0x00000170      0x198 ..\obj\sysctl.o
 .debug_ranges  0x00000308      0x160 ..\obj\gpio.o
 .debug_ranges  0x00000468       0x88 ..\obj\interrupt.o
 .debug_ranges  0x000004f0       0x18 ..\obj\startup_Cortex_M4.o
 .debug_ranges  0x00000508       0x38 ..\obj\cpu.o

.debug_line     0x00000000     0x1675
 .debug_line    0x00000000       0x7e ..\obj\delay.o
 .debug_line    0x0000007e       0xd1 ..\obj\datalogger.o
 .debug_line    0x0000014f      0x46a ..\obj\timer.o
 .debug_line    0x000005b9       0x7e ..\obj\main.o
 .debug_line    0x00000637      0x643 ..\obj\sysctl.o
 .debug_line    0x00000c7a      0x649 ..\obj\gpio.o
 .debug_line    0x000012c3      0x236 ..\obj\interrupt.o
 .debug_line    0x000014f9       0xa6 ..\obj\startup_Cortex_M4.o
 .debug_line    0x0000159f       0xd6 ..\obj\cpu.o

.debug_str      0x00000000     0x1140
 .debug_str     0x00000000       0xf4 ..\obj\delay.o
                                0x106 (size before relaxing)
 .debug_str     0x000000f4       0x81 ..\obj\datalogger.o
                                0x139 (size before relaxing)
 .debug_str     0x00000175      0x324 ..\obj\timer.o
                                0x3c9 (size before relaxing)
 .debug_str     0x00000499       0x51 ..\obj\main.o
                                 0xdb (size before relaxing)
 .debug_str     0x000004ea      0x572 ..\obj\sysctl.o
                                0x644 (size before relaxing)
 .debug_str     0x00000a5c      0x3d4 ..\obj\gpio.o
                                0x4af (size before relaxing)
 .debug_str     0x00000e30      0x1ab ..\obj\interrupt.o
                                0x2aa (size before relaxing)
 .debug_str     0x00000fdb       0xdd ..\obj\startup_Cortex_M4.o
                                0x1bb (size before relaxing)
 .debug_str     0x000010b8       0x88 ..\obj\cpu.o
                                0x11c (size before relaxing)

.comment        0x00000000       0x70
 .comment       0x00000000       0x70 ..\obj\delay.o
                                 0x71 (size before relaxing)
 .comment       0x00000000       0x71 ..\obj\datalogger.o
 .comment       0x00000000       0x71 ..\obj\timer.o
 .comment       0x00000000       0x71 ..\obj\main.o
 .comment       0x00000000       0x71 ..\obj\sysctl.o
 .comment       0x00000000       0x71 ..\obj\gpio.o
 .comment       0x00000000       0x71 ..\obj\interrupt.o
 .comment       0x00000000       0x71 ..\obj\startup_Cortex_M4.o
 .comment       0x00000000       0x71 ..\obj\cpu.o

.ARM.attributes
                0x00000000       0x33
 .ARM.attributes
                0x00000000       0x33 ..\obj\delay.o
 .ARM.attributes
                0x00000033       0x33 ..\obj\datalogger.o
 .ARM.attributes
                0x00000066       0x33 ..\obj\timer.o
 .ARM.attributes
                0x00000099       0x33 ..\obj\main.o
 .ARM.attributes
                0x000000cc       0x33 ..\obj\sysctl.o
 .ARM.attributes
                0x000000ff       0x33 ..\obj\gpio.o
 .ARM.attributes
                0x00000132       0x33 ..\obj\interrupt.o
 .ARM.attributes
                0x00000165       0x33 ..\obj\startup_Cortex_M4.o
 .ARM.attributes
                0x00000198       0x33 ..\obj\cpu.o

.debug_frame    0x00000000     0x1724
 .debug_frame   0x00000000       0x58 ..\obj\delay.o
 .debug_frame   0x00000058       0x9c ..\obj\datalogger.o
 .debug_frame   0x000000f4      0x534 ..\obj\timer.o
 .debug_frame   0x00000628       0x48 ..\obj\main.o
 .debug_frame   0x00000670      0x73c ..\obj\sysctl.o
 .debug_frame   0x00000dac      0x664 ..\obj\gpio.o
 .debug_frame   0x00001410      0x258 ..\obj\interrupt.o
 .debug_frame   0x00001668       0x4c ..\obj\startup_Cortex_M4.o
 .debug_frame   0x000016b4       0x70 ..\obj\cpu.o
